FAKE-001 entered at 2024-11-26 11:56:54
NEW-001 entered at 2024-11-26 11:56:54
NEW-001 entered at 2024-11-26 11:56:54
NEW-001 exited at 2024-11-26 11:56:54
FAKE-0 entered at 2024-11-26 11:56:54
FAKE-1 entered at 2024-11-26 11:56:54
FAKE-2 entered at 2024-11-26 11:56:54
FAKE-3 entered at 2024-11-26 11:56:54
FAKE-4 entered at 2024-11-26 11:56:54
FAKE-5 entered at 2024-11-26 11:56:54
FAKE-6 entered at 2024-11-26 11:56:54
FAKE-7 entered at 2024-11-26 11:56:54
FAKE-8 entered at 2024-11-26 11:56:54
FAKE-9 entered at 2024-11-26 11:56:54
FAKE-10 entered at 2024-11-26 11:56:54
FAKE-11 entered at 2024-11-26 11:56:54
FAKE-12 entered at 2024-11-26 11:56:54
FAKE-13 entered at 2024-11-26 11:56:54
FAKE-14 entered at 2024-11-26 11:56:54
FAKE-15 entered at 2024-11-26 11:56:54
FAKE-16 entered at 2024-11-26 11:56:54
FAKE-17 entered at 2024-11-26 11:56:54
FAKE-18 entered at 2024-11-26 11:56:54
FAKE-19 entered at 2024-11-26 11:56:54
FAKE-20 entered at 2024-11-26 11:56:54
FAKE-21 entered at 2024-11-26 11:56:54
FAKE-22 entered at 2024-11-26 11:56:54
FAKE-23 entered at 2024-11-26 11:56:54
FAKE-24 entered at 2024-11-26 11:56:54
FAKE-25 entered at 2024-11-26 11:56:54
FAKE-26 entered at 2024-11-26 11:56:54
FAKE-27 entered at 2024-11-26 11:56:54
FAKE-28 entered at 2024-11-26 11:56:54
FAKE-29 entered at 2024-11-26 11:56:54
FAKE-30 entered at 2024-11-26 11:56:54
FAKE-31 entered at 2024-11-26 11:56:54
FAKE-32 entered at 2024-11-26 11:56:54
FAKE-33 entered at 2024-11-26 11:56:54
FAKE-34 entered at 2024-11-26 11:56:54
FAKE-35 entered at 2024-11-26 11:56:54
FAKE-36 entered at 2024-11-26 11:56:54
FAKE-37 entered at 2024-11-26 11:56:54
FAKE-38 entered at 2024-11-26 11:56:54
FAKE-39 entered at 2024-11-26 11:56:54
FAKE-40 entered at 2024-11-26 11:56:54
FAKE-41 entered at 2024-11-26 11:56:54
FAKE-42 entered at 2024-11-26 11:56:54
FAKE-43 entered at 2024-11-26 11:56:54
FAKE-44 entered at 2024-11-26 11:56:54
FAKE-45 entered at 2024-11-26 11:56:54
FAKE-46 entered at 2024-11-26 11:56:54
FAKE-47 entered at 2024-11-26 11:56:54
FAKE-48 entered at 2024-11-26 11:56:54
FAKE-49 entered at 2024-11-26 11:56:54
FAKE-50 entered at 2024-11-26 11:56:54
FAKE-51 entered at 2024-11-26 11:56:54
FAKE-52 entered at 2024-11-26 11:56:54
FAKE-53 entered at 2024-11-26 11:56:54
FAKE-54 entered at 2024-11-26 11:56:54
FAKE-55 entered at 2024-11-26 11:56:54
FAKE-56 entered at 2024-11-26 11:56:54
FAKE-57 entered at 2024-11-26 11:56:54
FAKE-58 entered at 2024-11-26 11:56:54
FAKE-59 entered at 2024-11-26 11:56:54
FAKE-60 entered at 2024-11-26 11:56:54
FAKE-61 entered at 2024-11-26 11:56:54
FAKE-62 entered at 2024-11-26 11:56:54
FAKE-63 entered at 2024-11-26 11:56:54
FAKE-64 entered at 2024-11-26 11:56:54
FAKE-65 entered at 2024-11-26 11:56:54
FAKE-66 entered at 2024-11-26 11:56:54
FAKE-67 entered at 2024-11-26 11:56:54
FAKE-68 entered at 2024-11-26 11:56:54
FAKE-69 entered at 2024-11-26 11:56:54
FAKE-70 entered at 2024-11-26 11:56:54
FAKE-71 entered at 2024-11-26 11:56:54
FAKE-72 entered at 2024-11-26 11:56:54
FAKE-73 entered at 2024-11-26 11:56:54
FAKE-74 entered at 2024-11-26 11:56:54
FAKE-75 entered at 2024-11-26 11:56:54
FAKE-76 entered at 2024-11-26 11:56:54
FAKE-77 entered at 2024-11-26 11:56:54
FAKE-78 entered at 2024-11-26 11:56:54
FAKE-79 entered at 2024-11-26 11:56:54
FAKE-80 entered at 2024-11-26 11:56:54
FAKE-81 entered at 2024-11-26 11:56:54
FAKE-82 entered at 2024-11-26 11:56:54
FAKE-83 entered at 2024-11-26 11:56:54
FAKE-84 entered at 2024-11-26 11:56:54
FAKE-85 entered at 2024-11-26 11:56:54
FAKE-86 entered at 2024-11-26 11:56:54
FAKE-87 entered at 2024-11-26 11:56:54
FAKE-88 entered at 2024-11-26 11:56:54
FAKE-89 entered at 2024-11-26 11:56:54
FAKE-90 entered at 2024-11-26 11:56:54
FAKE-91 entered at 2024-11-26 11:56:54
FAKE-92 entered at 2024-11-26 11:56:54
FAKE-93 entered at 2024-11-26 11:56:54
FAKE-94 entered at 2024-11-26 11:56:54
FAKE-95 entered at 2024-11-26 11:56:54
FAKE-96 entered at 2024-11-26 11:56:54
FAKE-97 entered at 2024-11-26 11:56:54
FAKE-98 entered at 2024-11-26 11:56:54
FAKE-99 entered at 2024-11-26 11:56:54
FAKE-100 entered at 2024-11-26 11:56:54
FAKE-100 exited at 2024-11-26 11:56:54
FAKE-001 entered at 2024-11-26 11:56:54
FAKE-001 exited at 2024-11-26 11:56:54
FAKE-001 entered at 2024-11-26 11:58:48
NEW-001 entered at 2024-11-26 11:58:48
NEW-001 entered at 2024-11-26 11:58:48
NEW-001 exited at 2024-11-26 11:58:48
FAKE-0 entered at 2024-11-26 11:58:48
FAKE-1 entered at 2024-11-26 11:58:48
FAKE-2 entered at 2024-11-26 11:58:48
FAKE-3 entered at 2024-11-26 11:58:48
FAKE-4 entered at 2024-11-26 11:58:48
FAKE-5 entered at 2024-11-26 11:58:48
FAKE-6 entered at 2024-11-26 11:58:48
FAKE-7 entered at 2024-11-26 11:58:48
FAKE-8 entered at 2024-11-26 11:58:48
FAKE-9 entered at 2024-11-26 11:58:48
FAKE-10 entered at 2024-11-26 11:58:48
FAKE-11 entered at 2024-11-26 11:58:48
FAKE-12 entered at 2024-11-26 11:58:48
FAKE-13 entered at 2024-11-26 11:58:48
FAKE-14 entered at 2024-11-26 11:58:48
FAKE-15 entered at 2024-11-26 11:58:48
FAKE-16 entered at 2024-11-26 11:58:48
FAKE-17 entered at 2024-11-26 11:58:48
FAKE-18 entered at 2024-11-26 11:58:48
FAKE-19 entered at 2024-11-26 11:58:48
FAKE-20 entered at 2024-11-26 11:58:48
FAKE-21 entered at 2024-11-26 11:58:48
FAKE-22 entered at 2024-11-26 11:58:48
FAKE-23 entered at 2024-11-26 11:58:48
FAKE-24 entered at 2024-11-26 11:58:48
FAKE-25 entered at 2024-11-26 11:58:48
FAKE-26 entered at 2024-11-26 11:58:48
FAKE-27 entered at 2024-11-26 11:58:48
FAKE-28 entered at 2024-11-26 11:58:48
FAKE-29 entered at 2024-11-26 11:58:48
FAKE-30 entered at 2024-11-26 11:58:48
FAKE-31 entered at 2024-11-26 11:58:48
FAKE-32 entered at 2024-11-26 11:58:48
FAKE-33 entered at 2024-11-26 11:58:48
FAKE-34 entered at 2024-11-26 11:58:48
FAKE-35 entered at 2024-11-26 11:58:48
FAKE-36 entered at 2024-11-26 11:58:48
FAKE-37 entered at 2024-11-26 11:58:48
FAKE-38 entered at 2024-11-26 11:58:48
FAKE-39 entered at 2024-11-26 11:58:48
FAKE-40 entered at 2024-11-26 11:58:48
FAKE-41 entered at 2024-11-26 11:58:48
FAKE-42 entered at 2024-11-26 11:58:48
FAKE-43 entered at 2024-11-26 11:58:48
FAKE-44 entered at 2024-11-26 11:58:48
FAKE-45 entered at 2024-11-26 11:58:48
FAKE-46 entered at 2024-11-26 11:58:48
FAKE-47 entered at 2024-11-26 11:58:48
FAKE-48 entered at 2024-11-26 11:58:48
FAKE-49 entered at 2024-11-26 11:58:48
FAKE-50 entered at 2024-11-26 11:58:48
FAKE-51 entered at 2024-11-26 11:58:48
FAKE-52 entered at 2024-11-26 11:58:48
FAKE-53 entered at 2024-11-26 11:58:48
FAKE-54 entered at 2024-11-26 11:58:48
FAKE-55 entered at 2024-11-26 11:58:48
FAKE-56 entered at 2024-11-26 11:58:48
FAKE-57 entered at 2024-11-26 11:58:48
FAKE-58 entered at 2024-11-26 11:58:48
FAKE-59 entered at 2024-11-26 11:58:48
FAKE-60 entered at 2024-11-26 11:58:48
FAKE-61 entered at 2024-11-26 11:58:48
FAKE-62 entered at 2024-11-26 11:58:48
FAKE-63 entered at 2024-11-26 11:58:48
FAKE-64 entered at 2024-11-26 11:58:48
FAKE-65 entered at 2024-11-26 11:58:48
FAKE-66 entered at 2024-11-26 11:58:48
FAKE-67 entered at 2024-11-26 11:58:48
FAKE-68 entered at 2024-11-26 11:58:48
FAKE-69 entered at 2024-11-26 11:58:48
FAKE-70 entered at 2024-11-26 11:58:48
FAKE-71 entered at 2024-11-26 11:58:48
FAKE-72 entered at 2024-11-26 11:58:48
FAKE-73 entered at 2024-11-26 11:58:48
FAKE-74 entered at 2024-11-26 11:58:48
FAKE-75 entered at 2024-11-26 11:58:48
FAKE-76 entered at 2024-11-26 11:58:48
FAKE-77 entered at 2024-11-26 11:58:48
FAKE-78 entered at 2024-11-26 11:58:48
FAKE-79 entered at 2024-11-26 11:58:48
FAKE-80 entered at 2024-11-26 11:58:48
FAKE-81 entered at 2024-11-26 11:58:48
FAKE-82 entered at 2024-11-26 11:58:48
FAKE-83 entered at 2024-11-26 11:58:48
FAKE-84 entered at 2024-11-26 11:58:48
FAKE-85 entered at 2024-11-26 11:58:48
FAKE-86 entered at 2024-11-26 11:58:48
FAKE-87 entered at 2024-11-26 11:58:48
FAKE-88 entered at 2024-11-26 11:58:48
FAKE-89 entered at 2024-11-26 11:58:48
FAKE-90 entered at 2024-11-26 11:58:48
FAKE-91 entered at 2024-11-26 11:58:48
FAKE-92 entered at 2024-11-26 11:58:48
FAKE-93 entered at 2024-11-26 11:58:48
FAKE-94 entered at 2024-11-26 11:58:48
FAKE-95 entered at 2024-11-26 11:58:48
FAKE-96 entered at 2024-11-26 11:58:48
FAKE-97 entered at 2024-11-26 11:58:48
FAKE-98 entered at 2024-11-26 11:58:48
FAKE-99 entered at 2024-11-26 11:58:48
FAKE-100 entered at 2024-11-26 11:58:48
FAKE-100 exited at 2024-11-26 11:58:48
FAKE-001 entered at 2024-11-26 11:58:48
FAKE-001 exited at 2024-11-26 11:58:48
FAKE-001 entered at 2024-11-26 12:00:28
NEW-001 entered at 2024-11-26 12:00:28
NEW-001 entered at 2024-11-26 12:00:28
NEW-001 exited at 2024-11-26 12:00:28
FAKE-0 entered at 2024-11-26 12:00:28
FAKE-1 entered at 2024-11-26 12:00:28
FAKE-2 entered at 2024-11-26 12:00:28
FAKE-3 entered at 2024-11-26 12:00:28
FAKE-4 entered at 2024-11-26 12:00:28
FAKE-5 entered at 2024-11-26 12:00:28
FAKE-6 entered at 2024-11-26 12:00:28
FAKE-7 entered at 2024-11-26 12:00:28
FAKE-8 entered at 2024-11-26 12:00:28
FAKE-9 entered at 2024-11-26 12:00:28
FAKE-10 entered at 2024-11-26 12:00:28
FAKE-11 entered at 2024-11-26 12:00:28
FAKE-12 entered at 2024-11-26 12:00:28
FAKE-13 entered at 2024-11-26 12:00:28
FAKE-14 entered at 2024-11-26 12:00:28
FAKE-15 entered at 2024-11-26 12:00:28
FAKE-16 entered at 2024-11-26 12:00:28
FAKE-17 entered at 2024-11-26 12:00:28
FAKE-18 entered at 2024-11-26 12:00:28
FAKE-19 entered at 2024-11-26 12:00:28
FAKE-20 entered at 2024-11-26 12:00:28
FAKE-21 entered at 2024-11-26 12:00:28
FAKE-22 entered at 2024-11-26 12:00:28
FAKE-23 entered at 2024-11-26 12:00:28
FAKE-24 entered at 2024-11-26 12:00:28
FAKE-25 entered at 2024-11-26 12:00:28
FAKE-26 entered at 2024-11-26 12:00:28
FAKE-27 entered at 2024-11-26 12:00:28
FAKE-28 entered at 2024-11-26 12:00:28
FAKE-29 entered at 2024-11-26 12:00:28
FAKE-30 entered at 2024-11-26 12:00:28
FAKE-31 entered at 2024-11-26 12:00:28
FAKE-32 entered at 2024-11-26 12:00:28
FAKE-33 entered at 2024-11-26 12:00:28
FAKE-34 entered at 2024-11-26 12:00:28
FAKE-35 entered at 2024-11-26 12:00:28
FAKE-36 entered at 2024-11-26 12:00:28
FAKE-37 entered at 2024-11-26 12:00:28
FAKE-38 entered at 2024-11-26 12:00:28
FAKE-39 entered at 2024-11-26 12:00:28
FAKE-40 entered at 2024-11-26 12:00:28
FAKE-41 entered at 2024-11-26 12:00:28
FAKE-42 entered at 2024-11-26 12:00:28
FAKE-43 entered at 2024-11-26 12:00:28
FAKE-44 entered at 2024-11-26 12:00:28
FAKE-45 entered at 2024-11-26 12:00:28
FAKE-46 entered at 2024-11-26 12:00:28
FAKE-47 entered at 2024-11-26 12:00:28
FAKE-48 entered at 2024-11-26 12:00:28
FAKE-49 entered at 2024-11-26 12:00:28
FAKE-50 entered at 2024-11-26 12:00:28
FAKE-51 entered at 2024-11-26 12:00:28
FAKE-52 entered at 2024-11-26 12:00:28
FAKE-53 entered at 2024-11-26 12:00:28
FAKE-54 entered at 2024-11-26 12:00:28
FAKE-55 entered at 2024-11-26 12:00:28
FAKE-56 entered at 2024-11-26 12:00:28
FAKE-57 entered at 2024-11-26 12:00:28
FAKE-58 entered at 2024-11-26 12:00:28
FAKE-59 entered at 2024-11-26 12:00:28
FAKE-60 entered at 2024-11-26 12:00:28
FAKE-61 entered at 2024-11-26 12:00:28
FAKE-62 entered at 2024-11-26 12:00:28
FAKE-63 entered at 2024-11-26 12:00:28
FAKE-64 entered at 2024-11-26 12:00:28
FAKE-65 entered at 2024-11-26 12:00:28
FAKE-66 entered at 2024-11-26 12:00:28
FAKE-67 entered at 2024-11-26 12:00:28
FAKE-68 entered at 2024-11-26 12:00:28
FAKE-69 entered at 2024-11-26 12:00:28
FAKE-70 entered at 2024-11-26 12:00:28
FAKE-71 entered at 2024-11-26 12:00:28
FAKE-72 entered at 2024-11-26 12:00:28
FAKE-73 entered at 2024-11-26 12:00:28
FAKE-74 entered at 2024-11-26 12:00:28
FAKE-75 entered at 2024-11-26 12:00:28
FAKE-76 entered at 2024-11-26 12:00:28
FAKE-77 entered at 2024-11-26 12:00:28
FAKE-78 entered at 2024-11-26 12:00:28
FAKE-79 entered at 2024-11-26 12:00:28
FAKE-80 entered at 2024-11-26 12:00:28
FAKE-81 entered at 2024-11-26 12:00:28
FAKE-82 entered at 2024-11-26 12:00:28
FAKE-83 entered at 2024-11-26 12:00:28
FAKE-84 entered at 2024-11-26 12:00:28
FAKE-85 entered at 2024-11-26 12:00:28
FAKE-86 entered at 2024-11-26 12:00:28
FAKE-87 entered at 2024-11-26 12:00:28
FAKE-88 entered at 2024-11-26 12:00:28
FAKE-89 entered at 2024-11-26 12:00:28
FAKE-90 entered at 2024-11-26 12:00:28
FAKE-91 entered at 2024-11-26 12:00:28
FAKE-92 entered at 2024-11-26 12:00:28
FAKE-93 entered at 2024-11-26 12:00:28
FAKE-94 entered at 2024-11-26 12:00:28
FAKE-95 entered at 2024-11-26 12:00:28
FAKE-96 entered at 2024-11-26 12:00:28
FAKE-97 entered at 2024-11-26 12:00:28
FAKE-98 entered at 2024-11-26 12:00:28
FAKE-99 entered at 2024-11-26 12:00:28
FAKE-100 entered at 2024-11-26 12:00:28
FAKE-100 exited at 2024-11-26 12:00:28
FAKE-001 entered at 2024-11-26 12:00:28
FAKE-001 exited at 2024-11-26 12:00:28
FAKE-001 entered at 2024-11-26 12:01:37
NEW-001 entered at 2024-11-26 12:01:37
NEW-001 entered at 2024-11-26 12:01:37
NEW-001 exited at 2024-11-26 12:01:37
FAKE-0 entered at 2024-11-26 12:01:37
FAKE-1 entered at 2024-11-26 12:01:37
FAKE-2 entered at 2024-11-26 12:01:37
FAKE-3 entered at 2024-11-26 12:01:37
FAKE-4 entered at 2024-11-26 12:01:37
FAKE-5 entered at 2024-11-26 12:01:37
FAKE-6 entered at 2024-11-26 12:01:37
FAKE-7 entered at 2024-11-26 12:01:37
FAKE-8 entered at 2024-11-26 12:01:37
FAKE-9 entered at 2024-11-26 12:01:37
FAKE-10 entered at 2024-11-26 12:01:37
FAKE-11 entered at 2024-11-26 12:01:37
FAKE-12 entered at 2024-11-26 12:01:37
FAKE-13 entered at 2024-11-26 12:01:37
FAKE-14 entered at 2024-11-26 12:01:37
FAKE-15 entered at 2024-11-26 12:01:37
FAKE-16 entered at 2024-11-26 12:01:37
FAKE-17 entered at 2024-11-26 12:01:37
FAKE-18 entered at 2024-11-26 12:01:37
FAKE-19 entered at 2024-11-26 12:01:37
FAKE-20 entered at 2024-11-26 12:01:37
FAKE-21 entered at 2024-11-26 12:01:37
FAKE-22 entered at 2024-11-26 12:01:37
FAKE-23 entered at 2024-11-26 12:01:37
FAKE-24 entered at 2024-11-26 12:01:37
FAKE-25 entered at 2024-11-26 12:01:37
FAKE-26 entered at 2024-11-26 12:01:37
FAKE-27 entered at 2024-11-26 12:01:37
FAKE-28 entered at 2024-11-26 12:01:37
FAKE-29 entered at 2024-11-26 12:01:37
FAKE-30 entered at 2024-11-26 12:01:37
FAKE-31 entered at 2024-11-26 12:01:37
FAKE-32 entered at 2024-11-26 12:01:37
FAKE-33 entered at 2024-11-26 12:01:37
FAKE-34 entered at 2024-11-26 12:01:37
FAKE-35 entered at 2024-11-26 12:01:37
FAKE-36 entered at 2024-11-26 12:01:37
FAKE-37 entered at 2024-11-26 12:01:37
FAKE-38 entered at 2024-11-26 12:01:37
FAKE-39 entered at 2024-11-26 12:01:37
FAKE-40 entered at 2024-11-26 12:01:37
FAKE-41 entered at 2024-11-26 12:01:37
FAKE-42 entered at 2024-11-26 12:01:37
FAKE-43 entered at 2024-11-26 12:01:37
FAKE-44 entered at 2024-11-26 12:01:37
FAKE-45 entered at 2024-11-26 12:01:37
FAKE-46 entered at 2024-11-26 12:01:37
FAKE-47 entered at 2024-11-26 12:01:37
FAKE-48 entered at 2024-11-26 12:01:37
FAKE-49 entered at 2024-11-26 12:01:37
FAKE-50 entered at 2024-11-26 12:01:37
FAKE-51 entered at 2024-11-26 12:01:37
FAKE-52 entered at 2024-11-26 12:01:37
FAKE-53 entered at 2024-11-26 12:01:37
FAKE-54 entered at 2024-11-26 12:01:37
FAKE-55 entered at 2024-11-26 12:01:37
FAKE-56 entered at 2024-11-26 12:01:37
FAKE-57 entered at 2024-11-26 12:01:37
FAKE-58 entered at 2024-11-26 12:01:37
FAKE-59 entered at 2024-11-26 12:01:37
FAKE-60 entered at 2024-11-26 12:01:37
FAKE-61 entered at 2024-11-26 12:01:37
FAKE-62 entered at 2024-11-26 12:01:37
FAKE-63 entered at 2024-11-26 12:01:37
FAKE-64 entered at 2024-11-26 12:01:37
FAKE-65 entered at 2024-11-26 12:01:37
FAKE-66 entered at 2024-11-26 12:01:37
FAKE-67 entered at 2024-11-26 12:01:37
FAKE-68 entered at 2024-11-26 12:01:37
FAKE-69 entered at 2024-11-26 12:01:37
FAKE-70 entered at 2024-11-26 12:01:37
FAKE-71 entered at 2024-11-26 12:01:37
FAKE-72 entered at 2024-11-26 12:01:37
FAKE-73 entered at 2024-11-26 12:01:37
FAKE-74 entered at 2024-11-26 12:01:37
FAKE-75 entered at 2024-11-26 12:01:37
FAKE-76 entered at 2024-11-26 12:01:37
FAKE-77 entered at 2024-11-26 12:01:37
FAKE-78 entered at 2024-11-26 12:01:37
FAKE-79 entered at 2024-11-26 12:01:37
FAKE-80 entered at 2024-11-26 12:01:37
FAKE-81 entered at 2024-11-26 12:01:37
FAKE-82 entered at 2024-11-26 12:01:37
FAKE-83 entered at 2024-11-26 12:01:37
FAKE-84 entered at 2024-11-26 12:01:37
FAKE-85 entered at 2024-11-26 12:01:37
FAKE-86 entered at 2024-11-26 12:01:37
FAKE-87 entered at 2024-11-26 12:01:37
FAKE-88 entered at 2024-11-26 12:01:37
FAKE-89 entered at 2024-11-26 12:01:37
FAKE-90 entered at 2024-11-26 12:01:37
FAKE-91 entered at 2024-11-26 12:01:37
FAKE-92 entered at 2024-11-26 12:01:37
FAKE-93 entered at 2024-11-26 12:01:37
FAKE-94 entered at 2024-11-26 12:01:37
FAKE-95 entered at 2024-11-26 12:01:37
FAKE-96 entered at 2024-11-26 12:01:37
FAKE-97 entered at 2024-11-26 12:01:37
FAKE-98 entered at 2024-11-26 12:01:37
FAKE-99 entered at 2024-11-26 12:01:37
FAKE-100 entered at 2024-11-26 12:01:37
FAKE-100 exited at 2024-11-26 12:01:37
FAKE-001 entered at 2024-11-26 12:01:37
FAKE-001 exited at 2024-11-26 12:01:37
FAKE-001 entered at 2024-11-26 12:05:00
NEW-001 entered at 2024-11-26 12:05:00
NEW-001 entered at 2024-11-26 12:05:00
NEW-001 exited at 2024-11-26 12:05:00
FAKE-0 entered at 2024-11-26 12:05:00
FAKE-1 entered at 2024-11-26 12:05:00
FAKE-2 entered at 2024-11-26 12:05:00
FAKE-3 entered at 2024-11-26 12:05:00
FAKE-4 entered at 2024-11-26 12:05:00
FAKE-5 entered at 2024-11-26 12:05:00
FAKE-6 entered at 2024-11-26 12:05:00
FAKE-7 entered at 2024-11-26 12:05:00
FAKE-8 entered at 2024-11-26 12:05:00
FAKE-9 entered at 2024-11-26 12:05:00
FAKE-10 entered at 2024-11-26 12:05:00
FAKE-11 entered at 2024-11-26 12:05:00
FAKE-12 entered at 2024-11-26 12:05:00
FAKE-13 entered at 2024-11-26 12:05:00
FAKE-14 entered at 2024-11-26 12:05:00
FAKE-15 entered at 2024-11-26 12:05:00
FAKE-16 entered at 2024-11-26 12:05:00
FAKE-17 entered at 2024-11-26 12:05:00
FAKE-18 entered at 2024-11-26 12:05:00
FAKE-19 entered at 2024-11-26 12:05:00
FAKE-20 entered at 2024-11-26 12:05:00
FAKE-21 entered at 2024-11-26 12:05:00
FAKE-22 entered at 2024-11-26 12:05:00
FAKE-23 entered at 2024-11-26 12:05:00
FAKE-24 entered at 2024-11-26 12:05:00
FAKE-25 entered at 2024-11-26 12:05:00
FAKE-26 entered at 2024-11-26 12:05:00
FAKE-27 entered at 2024-11-26 12:05:00
FAKE-28 entered at 2024-11-26 12:05:00
FAKE-29 entered at 2024-11-26 12:05:00
FAKE-30 entered at 2024-11-26 12:05:00
FAKE-31 entered at 2024-11-26 12:05:00
FAKE-32 entered at 2024-11-26 12:05:00
FAKE-33 entered at 2024-11-26 12:05:00
FAKE-34 entered at 2024-11-26 12:05:00
FAKE-35 entered at 2024-11-26 12:05:00
FAKE-36 entered at 2024-11-26 12:05:00
FAKE-37 entered at 2024-11-26 12:05:00
FAKE-38 entered at 2024-11-26 12:05:00
FAKE-39 entered at 2024-11-26 12:05:00
FAKE-40 entered at 2024-11-26 12:05:00
FAKE-41 entered at 2024-11-26 12:05:00
FAKE-42 entered at 2024-11-26 12:05:00
FAKE-43 entered at 2024-11-26 12:05:00
FAKE-44 entered at 2024-11-26 12:05:00
FAKE-45 entered at 2024-11-26 12:05:00
FAKE-46 entered at 2024-11-26 12:05:00
FAKE-47 entered at 2024-11-26 12:05:00
FAKE-48 entered at 2024-11-26 12:05:00
FAKE-49 entered at 2024-11-26 12:05:00
FAKE-50 entered at 2024-11-26 12:05:00
FAKE-51 entered at 2024-11-26 12:05:00
FAKE-52 entered at 2024-11-26 12:05:00
FAKE-53 entered at 2024-11-26 12:05:00
FAKE-54 entered at 2024-11-26 12:05:00
FAKE-55 entered at 2024-11-26 12:05:00
FAKE-56 entered at 2024-11-26 12:05:00
FAKE-57 entered at 2024-11-26 12:05:00
FAKE-58 entered at 2024-11-26 12:05:00
FAKE-59 entered at 2024-11-26 12:05:00
FAKE-60 entered at 2024-11-26 12:05:00
FAKE-61 entered at 2024-11-26 12:05:00
FAKE-62 entered at 2024-11-26 12:05:00
FAKE-63 entered at 2024-11-26 12:05:00
FAKE-64 entered at 2024-11-26 12:05:00
FAKE-65 entered at 2024-11-26 12:05:00
FAKE-66 entered at 2024-11-26 12:05:00
FAKE-67 entered at 2024-11-26 12:05:00
FAKE-68 entered at 2024-11-26 12:05:00
FAKE-69 entered at 2024-11-26 12:05:00
FAKE-70 entered at 2024-11-26 12:05:00
FAKE-71 entered at 2024-11-26 12:05:00
FAKE-72 entered at 2024-11-26 12:05:00
FAKE-73 entered at 2024-11-26 12:05:00
FAKE-74 entered at 2024-11-26 12:05:00
FAKE-75 entered at 2024-11-26 12:05:00
FAKE-76 entered at 2024-11-26 12:05:00
FAKE-77 entered at 2024-11-26 12:05:00
FAKE-78 entered at 2024-11-26 12:05:00
FAKE-79 entered at 2024-11-26 12:05:00
FAKE-80 entered at 2024-11-26 12:05:00
FAKE-81 entered at 2024-11-26 12:05:00
FAKE-82 entered at 2024-11-26 12:05:00
FAKE-83 entered at 2024-11-26 12:05:00
FAKE-84 entered at 2024-11-26 12:05:00
FAKE-85 entered at 2024-11-26 12:05:00
FAKE-86 entered at 2024-11-26 12:05:00
FAKE-87 entered at 2024-11-26 12:05:00
FAKE-88 entered at 2024-11-26 12:05:00
FAKE-89 entered at 2024-11-26 12:05:00
FAKE-90 entered at 2024-11-26 12:05:00
FAKE-91 entered at 2024-11-26 12:05:00
FAKE-92 entered at 2024-11-26 12:05:00
FAKE-93 entered at 2024-11-26 12:05:00
FAKE-94 entered at 2024-11-26 12:05:00
FAKE-95 entered at 2024-11-26 12:05:00
FAKE-96 entered at 2024-11-26 12:05:00
FAKE-97 entered at 2024-11-26 12:05:00
FAKE-98 entered at 2024-11-26 12:05:00
FAKE-99 entered at 2024-11-26 12:05:00
FAKE-100 entered at 2024-11-26 12:05:00
FAKE-100 exited at 2024-11-26 12:05:00
FAKE-001 entered at 2024-11-26 12:05:00
FAKE-001 exited at 2024-11-26 12:05:00
FAKE-001 entered at 2024-11-26 12:06:34
NEW-001 entered at 2024-11-26 12:06:34
NEW-001 entered at 2024-11-26 12:06:34
NEW-001 exited at 2024-11-26 12:06:34
FAKE-001 entered at 2024-11-26 12:06:34
FAKE-001 exited at 2024-11-26 12:06:34
FAKE-001 entered at 2024-11-26 12:08:14
NEW-001 entered at 2024-11-26 12:08:14
NEW-001 entered at 2024-11-26 12:08:14
NEW-001 exited at 2024-11-26 12:08:14
FAKE-001 entered at 2024-11-26 12:08:14
FAKE-001 exited at 2024-11-26 12:08:14
NEW-001 entered at 2024-11-26 12:08:57
NEW-001 entered at 2024-11-26 12:08:57
NEW-001 exited at 2024-11-26 12:08:57
FAKE-001 entered at 2024-11-26 14:22:09
NEW-001 entered at 2024-11-26 14:22:09
NEW-001 entered at 2024-11-26 14:22:09
NEW-001 exited at 2024-11-26 14:22:09
FAKE-0 entered at 2024-11-26 14:22:09
FAKE-1 entered at 2024-11-26 14:22:09
FAKE-2 entered at 2024-11-26 14:22:09
FAKE-3 entered at 2024-11-26 14:22:09
FAKE-4 entered at 2024-11-26 14:22:09
FAKE-5 entered at 2024-11-26 14:22:09
FAKE-6 entered at 2024-11-26 14:22:09
FAKE-7 entered at 2024-11-26 14:22:09
FAKE-8 entered at 2024-11-26 14:22:09
FAKE-9 entered at 2024-11-26 14:22:09
FAKE-10 entered at 2024-11-26 14:22:09
FAKE-11 entered at 2024-11-26 14:22:09
FAKE-12 entered at 2024-11-26 14:22:09
FAKE-13 entered at 2024-11-26 14:22:09
FAKE-14 entered at 2024-11-26 14:22:09
FAKE-15 entered at 2024-11-26 14:22:09
FAKE-16 entered at 2024-11-26 14:22:09
FAKE-17 entered at 2024-11-26 14:22:09
FAKE-18 entered at 2024-11-26 14:22:09
FAKE-19 entered at 2024-11-26 14:22:09
FAKE-20 entered at 2024-11-26 14:22:09
FAKE-21 entered at 2024-11-26 14:22:09
FAKE-22 entered at 2024-11-26 14:22:09
FAKE-23 entered at 2024-11-26 14:22:09
FAKE-24 entered at 2024-11-26 14:22:09
FAKE-25 entered at 2024-11-26 14:22:09
FAKE-26 entered at 2024-11-26 14:22:09
FAKE-27 entered at 2024-11-26 14:22:09
FAKE-28 entered at 2024-11-26 14:22:09
FAKE-29 entered at 2024-11-26 14:22:09
FAKE-30 entered at 2024-11-26 14:22:09
FAKE-31 entered at 2024-11-26 14:22:09
FAKE-32 entered at 2024-11-26 14:22:09
FAKE-33 entered at 2024-11-26 14:22:09
FAKE-34 entered at 2024-11-26 14:22:09
FAKE-35 entered at 2024-11-26 14:22:09
FAKE-36 entered at 2024-11-26 14:22:09
FAKE-37 entered at 2024-11-26 14:22:09
FAKE-38 entered at 2024-11-26 14:22:09
FAKE-39 entered at 2024-11-26 14:22:09
FAKE-40 entered at 2024-11-26 14:22:09
FAKE-41 entered at 2024-11-26 14:22:09
FAKE-42 entered at 2024-11-26 14:22:09
FAKE-43 entered at 2024-11-26 14:22:09
FAKE-44 entered at 2024-11-26 14:22:09
FAKE-45 entered at 2024-11-26 14:22:09
FAKE-46 entered at 2024-11-26 14:22:09
FAKE-47 entered at 2024-11-26 14:22:09
FAKE-48 entered at 2024-11-26 14:22:09
FAKE-49 entered at 2024-11-26 14:22:09
FAKE-50 entered at 2024-11-26 14:22:09
FAKE-51 entered at 2024-11-26 14:22:09
FAKE-52 entered at 2024-11-26 14:22:09
FAKE-53 entered at 2024-11-26 14:22:09
FAKE-54 entered at 2024-11-26 14:22:09
FAKE-55 entered at 2024-11-26 14:22:09
FAKE-56 entered at 2024-11-26 14:22:09
FAKE-57 entered at 2024-11-26 14:22:09
FAKE-58 entered at 2024-11-26 14:22:09
FAKE-59 entered at 2024-11-26 14:22:09
FAKE-60 entered at 2024-11-26 14:22:09
FAKE-61 entered at 2024-11-26 14:22:09
FAKE-62 entered at 2024-11-26 14:22:09
FAKE-63 entered at 2024-11-26 14:22:09
FAKE-64 entered at 2024-11-26 14:22:09
FAKE-65 entered at 2024-11-26 14:22:09
FAKE-66 entered at 2024-11-26 14:22:09
FAKE-67 entered at 2024-11-26 14:22:09
FAKE-68 entered at 2024-11-26 14:22:09
FAKE-69 entered at 2024-11-26 14:22:09
FAKE-70 entered at 2024-11-26 14:22:09
FAKE-71 entered at 2024-11-26 14:22:09
FAKE-72 entered at 2024-11-26 14:22:09
FAKE-73 entered at 2024-11-26 14:22:09
FAKE-74 entered at 2024-11-26 14:22:09
FAKE-75 entered at 2024-11-26 14:22:09
FAKE-76 entered at 2024-11-26 14:22:09
FAKE-77 entered at 2024-11-26 14:22:09
FAKE-78 entered at 2024-11-26 14:22:09
FAKE-79 entered at 2024-11-26 14:22:09
FAKE-80 entered at 2024-11-26 14:22:09
FAKE-81 entered at 2024-11-26 14:22:09
FAKE-82 entered at 2024-11-26 14:22:09
FAKE-83 entered at 2024-11-26 14:22:09
FAKE-84 entered at 2024-11-26 14:22:09
FAKE-85 entered at 2024-11-26 14:22:09
FAKE-86 entered at 2024-11-26 14:22:09
FAKE-87 entered at 2024-11-26 14:22:09
FAKE-88 entered at 2024-11-26 14:22:09
FAKE-89 entered at 2024-11-26 14:22:09
FAKE-90 entered at 2024-11-26 14:22:09
FAKE-91 entered at 2024-11-26 14:22:09
FAKE-92 entered at 2024-11-26 14:22:09
FAKE-93 entered at 2024-11-26 14:22:09
FAKE-94 entered at 2024-11-26 14:22:09
FAKE-95 entered at 2024-11-26 14:22:09
FAKE-96 entered at 2024-11-26 14:22:09
FAKE-97 entered at 2024-11-26 14:22:09
FAKE-98 entered at 2024-11-26 14:22:09
FAKE-99 entered at 2024-11-26 14:22:09
FAKE-100 entered at 2024-11-26 14:22:09
FAKE-100 exited at 2024-11-26 14:22:09
FAKE-001 entered at 2024-11-26 14:22:09
FAKE-001 exited at 2024-11-26 14:22:09
FAKE-001 entered at 2024-11-26 14:22:38
NEW-001 entered at 2024-11-26 14:22:38
NEW-001 entered at 2024-11-26 14:22:38
NEW-001 exited at 2024-11-26 14:22:38
FAKE-0 entered at 2024-11-26 14:22:38
FAKE-1 entered at 2024-11-26 14:22:38
FAKE-2 entered at 2024-11-26 14:22:38
FAKE-3 entered at 2024-11-26 14:22:38
FAKE-4 entered at 2024-11-26 14:22:38
FAKE-5 entered at 2024-11-26 14:22:38
FAKE-6 entered at 2024-11-26 14:22:38
FAKE-7 entered at 2024-11-26 14:22:38
FAKE-8 entered at 2024-11-26 14:22:38
FAKE-9 entered at 2024-11-26 14:22:38
FAKE-10 entered at 2024-11-26 14:22:38
FAKE-11 entered at 2024-11-26 14:22:38
FAKE-12 entered at 2024-11-26 14:22:38
FAKE-13 entered at 2024-11-26 14:22:38
FAKE-14 entered at 2024-11-26 14:22:38
FAKE-15 entered at 2024-11-26 14:22:38
FAKE-16 entered at 2024-11-26 14:22:38
FAKE-17 entered at 2024-11-26 14:22:38
FAKE-18 entered at 2024-11-26 14:22:38
FAKE-19 entered at 2024-11-26 14:22:38
FAKE-20 entered at 2024-11-26 14:22:38
FAKE-21 entered at 2024-11-26 14:22:38
FAKE-22 entered at 2024-11-26 14:22:38
FAKE-23 entered at 2024-11-26 14:22:38
FAKE-24 entered at 2024-11-26 14:22:38
FAKE-25 entered at 2024-11-26 14:22:38
FAKE-26 entered at 2024-11-26 14:22:38
FAKE-27 entered at 2024-11-26 14:22:38
FAKE-28 entered at 2024-11-26 14:22:38
FAKE-29 entered at 2024-11-26 14:22:38
FAKE-30 entered at 2024-11-26 14:22:38
FAKE-31 entered at 2024-11-26 14:22:38
FAKE-32 entered at 2024-11-26 14:22:38
FAKE-33 entered at 2024-11-26 14:22:38
FAKE-34 entered at 2024-11-26 14:22:38
FAKE-35 entered at 2024-11-26 14:22:38
FAKE-36 entered at 2024-11-26 14:22:38
FAKE-37 entered at 2024-11-26 14:22:38
FAKE-38 entered at 2024-11-26 14:22:38
FAKE-39 entered at 2024-11-26 14:22:38
FAKE-40 entered at 2024-11-26 14:22:38
FAKE-41 entered at 2024-11-26 14:22:38
FAKE-42 entered at 2024-11-26 14:22:38
FAKE-43 entered at 2024-11-26 14:22:38
FAKE-44 entered at 2024-11-26 14:22:38
FAKE-45 entered at 2024-11-26 14:22:38
FAKE-46 entered at 2024-11-26 14:22:38
FAKE-47 entered at 2024-11-26 14:22:38
FAKE-48 entered at 2024-11-26 14:22:38
FAKE-49 entered at 2024-11-26 14:22:38
FAKE-50 entered at 2024-11-26 14:22:38
FAKE-51 entered at 2024-11-26 14:22:38
FAKE-52 entered at 2024-11-26 14:22:38
FAKE-53 entered at 2024-11-26 14:22:38
FAKE-54 entered at 2024-11-26 14:22:38
FAKE-55 entered at 2024-11-26 14:22:38
FAKE-56 entered at 2024-11-26 14:22:38
FAKE-57 entered at 2024-11-26 14:22:38
FAKE-58 entered at 2024-11-26 14:22:38
FAKE-59 entered at 2024-11-26 14:22:38
FAKE-60 entered at 2024-11-26 14:22:38
FAKE-61 entered at 2024-11-26 14:22:38
FAKE-62 entered at 2024-11-26 14:22:38
FAKE-63 entered at 2024-11-26 14:22:38
FAKE-64 entered at 2024-11-26 14:22:38
FAKE-65 entered at 2024-11-26 14:22:38
FAKE-66 entered at 2024-11-26 14:22:38
FAKE-67 entered at 2024-11-26 14:22:38
FAKE-68 entered at 2024-11-26 14:22:38
FAKE-69 entered at 2024-11-26 14:22:38
FAKE-70 entered at 2024-11-26 14:22:38
FAKE-71 entered at 2024-11-26 14:22:38
FAKE-72 entered at 2024-11-26 14:22:38
FAKE-73 entered at 2024-11-26 14:22:38
FAKE-74 entered at 2024-11-26 14:22:38
FAKE-75 entered at 2024-11-26 14:22:38
FAKE-76 entered at 2024-11-26 14:22:38
FAKE-77 entered at 2024-11-26 14:22:38
FAKE-78 entered at 2024-11-26 14:22:38
FAKE-79 entered at 2024-11-26 14:22:38
FAKE-80 entered at 2024-11-26 14:22:38
FAKE-81 entered at 2024-11-26 14:22:38
FAKE-82 entered at 2024-11-26 14:22:38
FAKE-83 entered at 2024-11-26 14:22:38
FAKE-84 entered at 2024-11-26 14:22:38
FAKE-85 entered at 2024-11-26 14:22:38
FAKE-86 entered at 2024-11-26 14:22:38
FAKE-87 entered at 2024-11-26 14:22:38
FAKE-88 entered at 2024-11-26 14:22:38
FAKE-89 entered at 2024-11-26 14:22:38
FAKE-90 entered at 2024-11-26 14:22:38
FAKE-91 entered at 2024-11-26 14:22:38
FAKE-92 entered at 2024-11-26 14:22:38
FAKE-93 entered at 2024-11-26 14:22:38
FAKE-94 entered at 2024-11-26 14:22:38
FAKE-95 entered at 2024-11-26 14:22:38
FAKE-96 entered at 2024-11-26 14:22:38
FAKE-97 entered at 2024-11-26 14:22:38
FAKE-98 entered at 2024-11-26 14:22:38
FAKE-99 entered at 2024-11-26 14:22:38
FAKE-100 entered at 2024-11-26 14:22:38
FAKE-100 exited at 2024-11-26 14:22:38
FAKE-001 entered at 2024-11-26 14:22:38
FAKE-001 exited at 2024-11-26 14:22:38
FAKE-001 entered at 2024-11-26 14:23:47
NEW-001 entered at 2024-11-26 14:23:47
NEW-001 entered at 2024-11-26 14:23:47
NEW-001 exited at 2024-11-26 14:23:47
FAKE-0 entered at 2024-11-26 14:23:47
FAKE-1 entered at 2024-11-26 14:23:47
FAKE-2 entered at 2024-11-26 14:23:47
FAKE-3 entered at 2024-11-26 14:23:47
FAKE-4 entered at 2024-11-26 14:23:47
FAKE-5 entered at 2024-11-26 14:23:47
FAKE-6 entered at 2024-11-26 14:23:47
FAKE-7 entered at 2024-11-26 14:23:47
FAKE-8 entered at 2024-11-26 14:23:47
FAKE-9 entered at 2024-11-26 14:23:47
FAKE-10 entered at 2024-11-26 14:23:47
FAKE-11 entered at 2024-11-26 14:23:47
FAKE-12 entered at 2024-11-26 14:23:47
FAKE-13 entered at 2024-11-26 14:23:47
FAKE-14 entered at 2024-11-26 14:23:47
FAKE-15 entered at 2024-11-26 14:23:47
FAKE-16 entered at 2024-11-26 14:23:47
FAKE-17 entered at 2024-11-26 14:23:47
FAKE-18 entered at 2024-11-26 14:23:47
FAKE-19 entered at 2024-11-26 14:23:47
FAKE-20 entered at 2024-11-26 14:23:47
FAKE-21 entered at 2024-11-26 14:23:47
FAKE-22 entered at 2024-11-26 14:23:47
FAKE-23 entered at 2024-11-26 14:23:47
FAKE-24 entered at 2024-11-26 14:23:47
FAKE-25 entered at 2024-11-26 14:23:47
FAKE-26 entered at 2024-11-26 14:23:47
FAKE-27 entered at 2024-11-26 14:23:47
FAKE-28 entered at 2024-11-26 14:23:47
FAKE-29 entered at 2024-11-26 14:23:47
FAKE-30 entered at 2024-11-26 14:23:47
FAKE-31 entered at 2024-11-26 14:23:47
FAKE-32 entered at 2024-11-26 14:23:47
FAKE-33 entered at 2024-11-26 14:23:47
FAKE-34 entered at 2024-11-26 14:23:47
FAKE-35 entered at 2024-11-26 14:23:47
FAKE-36 entered at 2024-11-26 14:23:47
FAKE-37 entered at 2024-11-26 14:23:47
FAKE-38 entered at 2024-11-26 14:23:47
FAKE-39 entered at 2024-11-26 14:23:47
FAKE-40 entered at 2024-11-26 14:23:47
FAKE-41 entered at 2024-11-26 14:23:47
FAKE-42 entered at 2024-11-26 14:23:47
FAKE-43 entered at 2024-11-26 14:23:47
FAKE-44 entered at 2024-11-26 14:23:47
FAKE-45 entered at 2024-11-26 14:23:47
FAKE-46 entered at 2024-11-26 14:23:47
FAKE-47 entered at 2024-11-26 14:23:47
FAKE-48 entered at 2024-11-26 14:23:47
FAKE-49 entered at 2024-11-26 14:23:47
FAKE-50 entered at 2024-11-26 14:23:47
FAKE-51 entered at 2024-11-26 14:23:47
FAKE-52 entered at 2024-11-26 14:23:47
FAKE-53 entered at 2024-11-26 14:23:47
FAKE-54 entered at 2024-11-26 14:23:47
FAKE-55 entered at 2024-11-26 14:23:47
FAKE-56 entered at 2024-11-26 14:23:47
FAKE-57 entered at 2024-11-26 14:23:47
FAKE-58 entered at 2024-11-26 14:23:47
FAKE-59 entered at 2024-11-26 14:23:47
FAKE-60 entered at 2024-11-26 14:23:47
FAKE-61 entered at 2024-11-26 14:23:47
FAKE-62 entered at 2024-11-26 14:23:47
FAKE-63 entered at 2024-11-26 14:23:47
FAKE-64 entered at 2024-11-26 14:23:47
FAKE-65 entered at 2024-11-26 14:23:47
FAKE-66 entered at 2024-11-26 14:23:47
FAKE-67 entered at 2024-11-26 14:23:47
FAKE-68 entered at 2024-11-26 14:23:47
FAKE-69 entered at 2024-11-26 14:23:47
FAKE-70 entered at 2024-11-26 14:23:47
FAKE-71 entered at 2024-11-26 14:23:47
FAKE-72 entered at 2024-11-26 14:23:47
FAKE-73 entered at 2024-11-26 14:23:47
FAKE-74 entered at 2024-11-26 14:23:47
FAKE-75 entered at 2024-11-26 14:23:47
FAKE-76 entered at 2024-11-26 14:23:47
FAKE-77 entered at 2024-11-26 14:23:47
FAKE-78 entered at 2024-11-26 14:23:47
FAKE-79 entered at 2024-11-26 14:23:47
FAKE-80 entered at 2024-11-26 14:23:47
FAKE-81 entered at 2024-11-26 14:23:47
FAKE-82 entered at 2024-11-26 14:23:47
FAKE-83 entered at 2024-11-26 14:23:47
FAKE-84 entered at 2024-11-26 14:23:47
FAKE-85 entered at 2024-11-26 14:23:47
FAKE-86 entered at 2024-11-26 14:23:47
FAKE-87 entered at 2024-11-26 14:23:47
FAKE-88 entered at 2024-11-26 14:23:47
FAKE-89 entered at 2024-11-26 14:23:47
FAKE-90 entered at 2024-11-26 14:23:47
FAKE-91 entered at 2024-11-26 14:23:47
FAKE-92 entered at 2024-11-26 14:23:47
FAKE-93 entered at 2024-11-26 14:23:47
FAKE-94 entered at 2024-11-26 14:23:47
FAKE-95 entered at 2024-11-26 14:23:47
FAKE-96 entered at 2024-11-26 14:23:47
FAKE-97 entered at 2024-11-26 14:23:47
FAKE-98 entered at 2024-11-26 14:23:47
FAKE-99 entered at 2024-11-26 14:23:47
FAKE-100 entered at 2024-11-26 14:23:47
FAKE-100 exited at 2024-11-26 14:23:47
FAKE-001 entered at 2024-11-26 14:23:47
FAKE-001 exited at 2024-11-26 14:23:47
FAKE-001 entered at 2024-11-26 14:31:31
NEW-001 entered at 2024-11-26 14:31:31
NEW-001 entered at 2024-11-26 14:31:31
NEW-001 exited at 2024-11-26 14:31:31
FAKE-0 entered at 2024-11-26 14:31:31
FAKE-1 entered at 2024-11-26 14:31:31
FAKE-2 entered at 2024-11-26 14:31:31
FAKE-3 entered at 2024-11-26 14:31:31
FAKE-4 entered at 2024-11-26 14:31:31
FAKE-5 entered at 2024-11-26 14:31:31
FAKE-6 entered at 2024-11-26 14:31:31
FAKE-7 entered at 2024-11-26 14:31:31
FAKE-8 entered at 2024-11-26 14:31:31
FAKE-9 entered at 2024-11-26 14:31:31
FAKE-10 entered at 2024-11-26 14:31:31
FAKE-11 entered at 2024-11-26 14:31:31
FAKE-12 entered at 2024-11-26 14:31:31
FAKE-13 entered at 2024-11-26 14:31:31
FAKE-14 entered at 2024-11-26 14:31:31
FAKE-15 entered at 2024-11-26 14:31:31
FAKE-16 entered at 2024-11-26 14:31:31
FAKE-17 entered at 2024-11-26 14:31:31
FAKE-18 entered at 2024-11-26 14:31:31
FAKE-19 entered at 2024-11-26 14:31:31
FAKE-20 entered at 2024-11-26 14:31:31
FAKE-21 entered at 2024-11-26 14:31:31
FAKE-22 entered at 2024-11-26 14:31:31
FAKE-23 entered at 2024-11-26 14:31:31
FAKE-24 entered at 2024-11-26 14:31:31
FAKE-25 entered at 2024-11-26 14:31:31
FAKE-26 entered at 2024-11-26 14:31:31
FAKE-27 entered at 2024-11-26 14:31:31
FAKE-28 entered at 2024-11-26 14:31:31
FAKE-29 entered at 2024-11-26 14:31:31
FAKE-30 entered at 2024-11-26 14:31:31
FAKE-31 entered at 2024-11-26 14:31:31
FAKE-32 entered at 2024-11-26 14:31:31
FAKE-33 entered at 2024-11-26 14:31:31
FAKE-34 entered at 2024-11-26 14:31:31
FAKE-35 entered at 2024-11-26 14:31:31
FAKE-36 entered at 2024-11-26 14:31:31
FAKE-37 entered at 2024-11-26 14:31:31
FAKE-38 entered at 2024-11-26 14:31:31
FAKE-39 entered at 2024-11-26 14:31:31
FAKE-40 entered at 2024-11-26 14:31:31
FAKE-41 entered at 2024-11-26 14:31:31
FAKE-42 entered at 2024-11-26 14:31:31
FAKE-43 entered at 2024-11-26 14:31:31
FAKE-44 entered at 2024-11-26 14:31:31
FAKE-45 entered at 2024-11-26 14:31:31
FAKE-46 entered at 2024-11-26 14:31:31
FAKE-47 entered at 2024-11-26 14:31:31
FAKE-48 entered at 2024-11-26 14:31:31
FAKE-49 entered at 2024-11-26 14:31:31
FAKE-50 entered at 2024-11-26 14:31:31
FAKE-51 entered at 2024-11-26 14:31:31
FAKE-52 entered at 2024-11-26 14:31:31
FAKE-53 entered at 2024-11-26 14:31:31
FAKE-54 entered at 2024-11-26 14:31:31
FAKE-55 entered at 2024-11-26 14:31:31
FAKE-56 entered at 2024-11-26 14:31:31
FAKE-57 entered at 2024-11-26 14:31:31
FAKE-58 entered at 2024-11-26 14:31:31
FAKE-59 entered at 2024-11-26 14:31:31
FAKE-60 entered at 2024-11-26 14:31:31
FAKE-61 entered at 2024-11-26 14:31:31
FAKE-62 entered at 2024-11-26 14:31:31
FAKE-63 entered at 2024-11-26 14:31:31
FAKE-64 entered at 2024-11-26 14:31:31
FAKE-65 entered at 2024-11-26 14:31:31
FAKE-66 entered at 2024-11-26 14:31:31
FAKE-67 entered at 2024-11-26 14:31:31
FAKE-68 entered at 2024-11-26 14:31:31
FAKE-69 entered at 2024-11-26 14:31:31
FAKE-70 entered at 2024-11-26 14:31:31
FAKE-71 entered at 2024-11-26 14:31:31
FAKE-72 entered at 2024-11-26 14:31:31
FAKE-73 entered at 2024-11-26 14:31:31
FAKE-74 entered at 2024-11-26 14:31:31
FAKE-75 entered at 2024-11-26 14:31:31
FAKE-76 entered at 2024-11-26 14:31:31
FAKE-77 entered at 2024-11-26 14:31:31
FAKE-78 entered at 2024-11-26 14:31:31
FAKE-79 entered at 2024-11-26 14:31:31
FAKE-80 entered at 2024-11-26 14:31:31
FAKE-81 entered at 2024-11-26 14:31:31
FAKE-82 entered at 2024-11-26 14:31:31
FAKE-83 entered at 2024-11-26 14:31:31
FAKE-84 entered at 2024-11-26 14:31:31
FAKE-85 entered at 2024-11-26 14:31:31
FAKE-86 entered at 2024-11-26 14:31:31
FAKE-87 entered at 2024-11-26 14:31:31
FAKE-88 entered at 2024-11-26 14:31:31
FAKE-89 entered at 2024-11-26 14:31:31
FAKE-90 entered at 2024-11-26 14:31:31
FAKE-91 entered at 2024-11-26 14:31:31
FAKE-92 entered at 2024-11-26 14:31:31
FAKE-93 entered at 2024-11-26 14:31:31
FAKE-94 entered at 2024-11-26 14:31:31
FAKE-95 entered at 2024-11-26 14:31:31
FAKE-96 entered at 2024-11-26 14:31:31
FAKE-97 entered at 2024-11-26 14:31:31
FAKE-98 entered at 2024-11-26 14:31:31
FAKE-99 entered at 2024-11-26 14:31:31
FAKE-100 entered at 2024-11-26 14:31:31
FAKE-100 exited at 2024-11-26 14:31:31
FAKE-001 entered at 2024-11-26 14:31:31
FAKE-001 exited at 2024-11-26 14:31:31
FAKE-001 entered at 2024-11-26 14:33:32
NEW-001 entered at 2024-11-26 14:33:32
NEW-001 entered at 2024-11-26 14:33:32
NEW-001 exited at 2024-11-26 14:33:32
FAKE-0 entered at 2024-11-26 14:33:32
FAKE-1 entered at 2024-11-26 14:33:32
FAKE-2 entered at 2024-11-26 14:33:32
FAKE-3 entered at 2024-11-26 14:33:32
FAKE-4 entered at 2024-11-26 14:33:32
FAKE-5 entered at 2024-11-26 14:33:32
FAKE-6 entered at 2024-11-26 14:33:32
FAKE-7 entered at 2024-11-26 14:33:32
FAKE-8 entered at 2024-11-26 14:33:32
FAKE-9 entered at 2024-11-26 14:33:32
FAKE-10 entered at 2024-11-26 14:33:32
FAKE-11 entered at 2024-11-26 14:33:32
FAKE-12 entered at 2024-11-26 14:33:32
FAKE-13 entered at 2024-11-26 14:33:32
FAKE-14 entered at 2024-11-26 14:33:32
FAKE-15 entered at 2024-11-26 14:33:32
FAKE-16 entered at 2024-11-26 14:33:32
FAKE-17 entered at 2024-11-26 14:33:32
FAKE-18 entered at 2024-11-26 14:33:32
FAKE-19 entered at 2024-11-26 14:33:32
FAKE-20 entered at 2024-11-26 14:33:32
FAKE-21 entered at 2024-11-26 14:33:32
FAKE-22 entered at 2024-11-26 14:33:32
FAKE-23 entered at 2024-11-26 14:33:32
FAKE-24 entered at 2024-11-26 14:33:32
FAKE-25 entered at 2024-11-26 14:33:32
FAKE-26 entered at 2024-11-26 14:33:32
FAKE-27 entered at 2024-11-26 14:33:32
FAKE-28 entered at 2024-11-26 14:33:32
FAKE-29 entered at 2024-11-26 14:33:32
FAKE-30 entered at 2024-11-26 14:33:32
FAKE-31 entered at 2024-11-26 14:33:32
FAKE-32 entered at 2024-11-26 14:33:32
FAKE-33 entered at 2024-11-26 14:33:32
FAKE-34 entered at 2024-11-26 14:33:32
FAKE-35 entered at 2024-11-26 14:33:32
FAKE-36 entered at 2024-11-26 14:33:32
FAKE-37 entered at 2024-11-26 14:33:32
FAKE-38 entered at 2024-11-26 14:33:32
FAKE-39 entered at 2024-11-26 14:33:32
FAKE-40 entered at 2024-11-26 14:33:32
FAKE-41 entered at 2024-11-26 14:33:32
FAKE-42 entered at 2024-11-26 14:33:32
FAKE-43 entered at 2024-11-26 14:33:32
FAKE-44 entered at 2024-11-26 14:33:32
FAKE-45 entered at 2024-11-26 14:33:32
FAKE-46 entered at 2024-11-26 14:33:32
FAKE-47 entered at 2024-11-26 14:33:32
FAKE-48 entered at 2024-11-26 14:33:32
FAKE-49 entered at 2024-11-26 14:33:32
FAKE-50 entered at 2024-11-26 14:33:32
FAKE-51 entered at 2024-11-26 14:33:32
FAKE-52 entered at 2024-11-26 14:33:32
FAKE-53 entered at 2024-11-26 14:33:32
FAKE-54 entered at 2024-11-26 14:33:32
FAKE-55 entered at 2024-11-26 14:33:32
FAKE-56 entered at 2024-11-26 14:33:32
FAKE-57 entered at 2024-11-26 14:33:32
FAKE-58 entered at 2024-11-26 14:33:32
FAKE-59 entered at 2024-11-26 14:33:32
FAKE-60 entered at 2024-11-26 14:33:32
FAKE-61 entered at 2024-11-26 14:33:32
FAKE-62 entered at 2024-11-26 14:33:32
FAKE-63 entered at 2024-11-26 14:33:32
FAKE-64 entered at 2024-11-26 14:33:32
FAKE-65 entered at 2024-11-26 14:33:32
FAKE-66 entered at 2024-11-26 14:33:32
FAKE-67 entered at 2024-11-26 14:33:32
FAKE-68 entered at 2024-11-26 14:33:32
FAKE-69 entered at 2024-11-26 14:33:32
FAKE-70 entered at 2024-11-26 14:33:32
FAKE-71 entered at 2024-11-26 14:33:32
FAKE-72 entered at 2024-11-26 14:33:32
FAKE-73 entered at 2024-11-26 14:33:32
FAKE-74 entered at 2024-11-26 14:33:32
FAKE-75 entered at 2024-11-26 14:33:32
FAKE-76 entered at 2024-11-26 14:33:32
FAKE-77 entered at 2024-11-26 14:33:32
FAKE-78 entered at 2024-11-26 14:33:32
FAKE-79 entered at 2024-11-26 14:33:32
FAKE-80 entered at 2024-11-26 14:33:32
FAKE-81 entered at 2024-11-26 14:33:32
FAKE-82 entered at 2024-11-26 14:33:32
FAKE-83 entered at 2024-11-26 14:33:32
FAKE-84 entered at 2024-11-26 14:33:32
FAKE-85 entered at 2024-11-26 14:33:32
FAKE-86 entered at 2024-11-26 14:33:32
FAKE-87 entered at 2024-11-26 14:33:32
FAKE-88 entered at 2024-11-26 14:33:32
FAKE-89 entered at 2024-11-26 14:33:32
FAKE-90 entered at 2024-11-26 14:33:32
FAKE-91 entered at 2024-11-26 14:33:32
FAKE-92 entered at 2024-11-26 14:33:32
FAKE-93 entered at 2024-11-26 14:33:32
FAKE-94 entered at 2024-11-26 14:33:32
FAKE-95 entered at 2024-11-26 14:33:32
FAKE-96 entered at 2024-11-26 14:33:32
FAKE-97 entered at 2024-11-26 14:33:32
FAKE-98 entered at 2024-11-26 14:33:32
FAKE-99 entered at 2024-11-26 14:33:32
FAKE-100 entered at 2024-11-26 14:33:32
FAKE-100 exited at 2024-11-26 14:33:32
FAKE-001 entered at 2024-11-26 14:33:32
FAKE-001 exited at 2024-11-26 14:33:32
FAKE-001 entered at 2024-11-26 14:33:50
NEW-001 entered at 2024-11-26 14:33:50
NEW-001 entered at 2024-11-26 14:33:50
NEW-001 exited at 2024-11-26 14:33:50
FAKE-0 entered at 2024-11-26 14:33:50
FAKE-1 entered at 2024-11-26 14:33:50
FAKE-2 entered at 2024-11-26 14:33:50
FAKE-3 entered at 2024-11-26 14:33:50
FAKE-4 entered at 2024-11-26 14:33:50
FAKE-5 entered at 2024-11-26 14:33:50
FAKE-6 entered at 2024-11-26 14:33:50
FAKE-7 entered at 2024-11-26 14:33:50
FAKE-8 entered at 2024-11-26 14:33:50
FAKE-9 entered at 2024-11-26 14:33:50
FAKE-10 entered at 2024-11-26 14:33:50
FAKE-11 entered at 2024-11-26 14:33:50
FAKE-12 entered at 2024-11-26 14:33:50
FAKE-13 entered at 2024-11-26 14:33:50
FAKE-14 entered at 2024-11-26 14:33:50
FAKE-15 entered at 2024-11-26 14:33:50
FAKE-16 entered at 2024-11-26 14:33:50
FAKE-17 entered at 2024-11-26 14:33:50
FAKE-18 entered at 2024-11-26 14:33:50
FAKE-19 entered at 2024-11-26 14:33:50
FAKE-20 entered at 2024-11-26 14:33:50
FAKE-21 entered at 2024-11-26 14:33:50
FAKE-22 entered at 2024-11-26 14:33:50
FAKE-23 entered at 2024-11-26 14:33:50
FAKE-24 entered at 2024-11-26 14:33:50
FAKE-25 entered at 2024-11-26 14:33:50
FAKE-26 entered at 2024-11-26 14:33:50
FAKE-27 entered at 2024-11-26 14:33:50
FAKE-28 entered at 2024-11-26 14:33:50
FAKE-29 entered at 2024-11-26 14:33:50
FAKE-30 entered at 2024-11-26 14:33:50
FAKE-31 entered at 2024-11-26 14:33:50
FAKE-32 entered at 2024-11-26 14:33:50
FAKE-33 entered at 2024-11-26 14:33:50
FAKE-34 entered at 2024-11-26 14:33:50
FAKE-35 entered at 2024-11-26 14:33:50
FAKE-36 entered at 2024-11-26 14:33:50
FAKE-37 entered at 2024-11-26 14:33:50
FAKE-38 entered at 2024-11-26 14:33:50
FAKE-39 entered at 2024-11-26 14:33:50
FAKE-40 entered at 2024-11-26 14:33:50
FAKE-41 entered at 2024-11-26 14:33:50
FAKE-42 entered at 2024-11-26 14:33:50
FAKE-43 entered at 2024-11-26 14:33:50
FAKE-44 entered at 2024-11-26 14:33:50
FAKE-45 entered at 2024-11-26 14:33:50
FAKE-46 entered at 2024-11-26 14:33:50
FAKE-47 entered at 2024-11-26 14:33:50
FAKE-48 entered at 2024-11-26 14:33:50
FAKE-49 entered at 2024-11-26 14:33:50
FAKE-50 entered at 2024-11-26 14:33:50
FAKE-51 entered at 2024-11-26 14:33:50
FAKE-52 entered at 2024-11-26 14:33:50
FAKE-53 entered at 2024-11-26 14:33:50
FAKE-54 entered at 2024-11-26 14:33:50
FAKE-55 entered at 2024-11-26 14:33:50
FAKE-56 entered at 2024-11-26 14:33:50
FAKE-57 entered at 2024-11-26 14:33:50
FAKE-58 entered at 2024-11-26 14:33:50
FAKE-59 entered at 2024-11-26 14:33:50
FAKE-60 entered at 2024-11-26 14:33:50
FAKE-61 entered at 2024-11-26 14:33:50
FAKE-62 entered at 2024-11-26 14:33:50
FAKE-63 entered at 2024-11-26 14:33:50
FAKE-64 entered at 2024-11-26 14:33:50
FAKE-65 entered at 2024-11-26 14:33:50
FAKE-66 entered at 2024-11-26 14:33:50
FAKE-67 entered at 2024-11-26 14:33:50
FAKE-68 entered at 2024-11-26 14:33:50
FAKE-69 entered at 2024-11-26 14:33:50
FAKE-70 entered at 2024-11-26 14:33:50
FAKE-71 entered at 2024-11-26 14:33:50
FAKE-72 entered at 2024-11-26 14:33:50
FAKE-73 entered at 2024-11-26 14:33:50
FAKE-74 entered at 2024-11-26 14:33:50
FAKE-75 entered at 2024-11-26 14:33:50
FAKE-76 entered at 2024-11-26 14:33:50
FAKE-77 entered at 2024-11-26 14:33:50
FAKE-78 entered at 2024-11-26 14:33:50
FAKE-79 entered at 2024-11-26 14:33:50
FAKE-80 entered at 2024-11-26 14:33:50
FAKE-81 entered at 2024-11-26 14:33:50
FAKE-82 entered at 2024-11-26 14:33:50
FAKE-83 entered at 2024-11-26 14:33:50
FAKE-84 entered at 2024-11-26 14:33:50
FAKE-85 entered at 2024-11-26 14:33:50
FAKE-86 entered at 2024-11-26 14:33:50
FAKE-87 entered at 2024-11-26 14:33:50
FAKE-88 entered at 2024-11-26 14:33:50
FAKE-89 entered at 2024-11-26 14:33:50
FAKE-90 entered at 2024-11-26 14:33:50
FAKE-91 entered at 2024-11-26 14:33:50
FAKE-92 entered at 2024-11-26 14:33:50
FAKE-93 entered at 2024-11-26 14:33:50
FAKE-94 entered at 2024-11-26 14:33:50
FAKE-95 entered at 2024-11-26 14:33:50
FAKE-96 entered at 2024-11-26 14:33:50
FAKE-97 entered at 2024-11-26 14:33:50
FAKE-98 entered at 2024-11-26 14:33:50
FAKE-99 entered at 2024-11-26 14:33:50
FAKE-100 entered at 2024-11-26 14:33:50
FAKE-100 exited at 2024-11-26 14:33:50
FAKE-001 entered at 2024-11-26 14:33:50
FAKE-001 exited at 2024-11-26 14:33:50
FAKE-001 entered at 2024-11-26 14:34:24
NEW-001 entered at 2024-11-26 14:34:24
NEW-002 entered at 2024-11-26 14:34:24
NEW-002 exited at 2024-11-26 14:34:24
FAKE-0 entered at 2024-11-26 14:34:24
FAKE-1 entered at 2024-11-26 14:34:24
FAKE-2 entered at 2024-11-26 14:34:24
FAKE-3 entered at 2024-11-26 14:34:24
FAKE-4 entered at 2024-11-26 14:34:24
FAKE-5 entered at 2024-11-26 14:34:24
FAKE-6 entered at 2024-11-26 14:34:24
FAKE-7 entered at 2024-11-26 14:34:24
FAKE-8 entered at 2024-11-26 14:34:24
FAKE-9 entered at 2024-11-26 14:34:24
FAKE-10 entered at 2024-11-26 14:34:24
FAKE-11 entered at 2024-11-26 14:34:24
FAKE-12 entered at 2024-11-26 14:34:24
FAKE-13 entered at 2024-11-26 14:34:24
FAKE-14 entered at 2024-11-26 14:34:24
FAKE-15 entered at 2024-11-26 14:34:24
FAKE-16 entered at 2024-11-26 14:34:24
FAKE-17 entered at 2024-11-26 14:34:24
FAKE-18 entered at 2024-11-26 14:34:24
FAKE-19 entered at 2024-11-26 14:34:24
FAKE-20 entered at 2024-11-26 14:34:24
FAKE-21 entered at 2024-11-26 14:34:24
FAKE-22 entered at 2024-11-26 14:34:24
FAKE-23 entered at 2024-11-26 14:34:24
FAKE-24 entered at 2024-11-26 14:34:24
FAKE-25 entered at 2024-11-26 14:34:24
FAKE-26 entered at 2024-11-26 14:34:24
FAKE-27 entered at 2024-11-26 14:34:24
FAKE-28 entered at 2024-11-26 14:34:24
FAKE-29 entered at 2024-11-26 14:34:24
FAKE-30 entered at 2024-11-26 14:34:24
FAKE-31 entered at 2024-11-26 14:34:24
FAKE-32 entered at 2024-11-26 14:34:24
FAKE-33 entered at 2024-11-26 14:34:24
FAKE-34 entered at 2024-11-26 14:34:24
FAKE-35 entered at 2024-11-26 14:34:24
FAKE-36 entered at 2024-11-26 14:34:24
FAKE-37 entered at 2024-11-26 14:34:24
FAKE-38 entered at 2024-11-26 14:34:24
FAKE-39 entered at 2024-11-26 14:34:24
FAKE-40 entered at 2024-11-26 14:34:24
FAKE-41 entered at 2024-11-26 14:34:24
FAKE-42 entered at 2024-11-26 14:34:24
FAKE-43 entered at 2024-11-26 14:34:24
FAKE-44 entered at 2024-11-26 14:34:24
FAKE-45 entered at 2024-11-26 14:34:24
FAKE-46 entered at 2024-11-26 14:34:24
FAKE-47 entered at 2024-11-26 14:34:24
FAKE-48 entered at 2024-11-26 14:34:24
FAKE-49 entered at 2024-11-26 14:34:24
FAKE-50 entered at 2024-11-26 14:34:24
FAKE-51 entered at 2024-11-26 14:34:24
FAKE-52 entered at 2024-11-26 14:34:24
FAKE-53 entered at 2024-11-26 14:34:24
FAKE-54 entered at 2024-11-26 14:34:24
FAKE-55 entered at 2024-11-26 14:34:24
FAKE-56 entered at 2024-11-26 14:34:24
FAKE-57 entered at 2024-11-26 14:34:24
FAKE-58 entered at 2024-11-26 14:34:24
FAKE-59 entered at 2024-11-26 14:34:24
FAKE-60 entered at 2024-11-26 14:34:24
FAKE-61 entered at 2024-11-26 14:34:24
FAKE-62 entered at 2024-11-26 14:34:24
FAKE-63 entered at 2024-11-26 14:34:24
FAKE-64 entered at 2024-11-26 14:34:24
FAKE-65 entered at 2024-11-26 14:34:24
FAKE-66 entered at 2024-11-26 14:34:24
FAKE-67 entered at 2024-11-26 14:34:24
FAKE-68 entered at 2024-11-26 14:34:24
FAKE-69 entered at 2024-11-26 14:34:24
FAKE-70 entered at 2024-11-26 14:34:24
FAKE-71 entered at 2024-11-26 14:34:24
FAKE-72 entered at 2024-11-26 14:34:24
FAKE-73 entered at 2024-11-26 14:34:24
FAKE-74 entered at 2024-11-26 14:34:24
FAKE-75 entered at 2024-11-26 14:34:24
FAKE-76 entered at 2024-11-26 14:34:24
FAKE-77 entered at 2024-11-26 14:34:24
FAKE-78 entered at 2024-11-26 14:34:24
FAKE-79 entered at 2024-11-26 14:34:24
FAKE-80 entered at 2024-11-26 14:34:24
FAKE-81 entered at 2024-11-26 14:34:24
FAKE-82 entered at 2024-11-26 14:34:24
FAKE-83 entered at 2024-11-26 14:34:24
FAKE-84 entered at 2024-11-26 14:34:24
FAKE-85 entered at 2024-11-26 14:34:24
FAKE-86 entered at 2024-11-26 14:34:24
FAKE-87 entered at 2024-11-26 14:34:24
FAKE-88 entered at 2024-11-26 14:34:24
FAKE-89 entered at 2024-11-26 14:34:24
FAKE-90 entered at 2024-11-26 14:34:24
FAKE-91 entered at 2024-11-26 14:34:24
FAKE-92 entered at 2024-11-26 14:34:24
FAKE-93 entered at 2024-11-26 14:34:24
FAKE-94 entered at 2024-11-26 14:34:24
FAKE-95 entered at 2024-11-26 14:34:24
FAKE-96 entered at 2024-11-26 14:34:24
FAKE-97 entered at 2024-11-26 14:34:24
FAKE-98 entered at 2024-11-26 14:34:24
FAKE-99 entered at 2024-11-26 14:34:24
FAKE-100 entered at 2024-11-26 14:34:24
FAKE-100 exited at 2024-11-26 14:34:24
FAKE-001 entered at 2024-11-26 14:34:24
FAKE-001 exited at 2024-11-26 14:34:24
FAKE-001 entered at 2024-11-26 14:36:52
NEW-001 entered at 2024-11-26 14:36:52
NEW-002 entered at 2024-11-26 14:36:52
NEW-002 exited at 2024-11-26 14:36:52
FAKE-0 entered at 2024-11-26 14:36:52
FAKE-1 entered at 2024-11-26 14:36:52
FAKE-2 entered at 2024-11-26 14:36:52
FAKE-3 entered at 2024-11-26 14:36:52
FAKE-4 entered at 2024-11-26 14:36:52
FAKE-5 entered at 2024-11-26 14:36:52
FAKE-6 entered at 2024-11-26 14:36:52
FAKE-7 entered at 2024-11-26 14:36:52
FAKE-8 entered at 2024-11-26 14:36:52
FAKE-9 entered at 2024-11-26 14:36:52
FAKE-10 entered at 2024-11-26 14:36:52
FAKE-11 entered at 2024-11-26 14:36:52
FAKE-12 entered at 2024-11-26 14:36:52
FAKE-13 entered at 2024-11-26 14:36:52
FAKE-14 entered at 2024-11-26 14:36:52
FAKE-15 entered at 2024-11-26 14:36:52
FAKE-16 entered at 2024-11-26 14:36:52
FAKE-17 entered at 2024-11-26 14:36:52
FAKE-18 entered at 2024-11-26 14:36:52
FAKE-19 entered at 2024-11-26 14:36:52
FAKE-20 entered at 2024-11-26 14:36:52
FAKE-21 entered at 2024-11-26 14:36:52
FAKE-22 entered at 2024-11-26 14:36:52
FAKE-23 entered at 2024-11-26 14:36:52
FAKE-24 entered at 2024-11-26 14:36:52
FAKE-25 entered at 2024-11-26 14:36:52
FAKE-26 entered at 2024-11-26 14:36:52
FAKE-27 entered at 2024-11-26 14:36:52
FAKE-28 entered at 2024-11-26 14:36:52
FAKE-29 entered at 2024-11-26 14:36:52
FAKE-30 entered at 2024-11-26 14:36:52
FAKE-31 entered at 2024-11-26 14:36:52
FAKE-32 entered at 2024-11-26 14:36:52
FAKE-33 entered at 2024-11-26 14:36:52
FAKE-34 entered at 2024-11-26 14:36:52
FAKE-35 entered at 2024-11-26 14:36:52
FAKE-36 entered at 2024-11-26 14:36:52
FAKE-37 entered at 2024-11-26 14:36:52
FAKE-38 entered at 2024-11-26 14:36:52
FAKE-39 entered at 2024-11-26 14:36:52
FAKE-40 entered at 2024-11-26 14:36:52
FAKE-41 entered at 2024-11-26 14:36:52
FAKE-42 entered at 2024-11-26 14:36:52
FAKE-43 entered at 2024-11-26 14:36:52
FAKE-44 entered at 2024-11-26 14:36:52
FAKE-45 entered at 2024-11-26 14:36:52
FAKE-46 entered at 2024-11-26 14:36:52
FAKE-47 entered at 2024-11-26 14:36:52
FAKE-48 entered at 2024-11-26 14:36:52
FAKE-49 entered at 2024-11-26 14:36:52
FAKE-50 entered at 2024-11-26 14:36:52
FAKE-51 entered at 2024-11-26 14:36:52
FAKE-52 entered at 2024-11-26 14:36:52
FAKE-53 entered at 2024-11-26 14:36:52
FAKE-54 entered at 2024-11-26 14:36:52
FAKE-55 entered at 2024-11-26 14:36:52
FAKE-56 entered at 2024-11-26 14:36:52
FAKE-57 entered at 2024-11-26 14:36:52
FAKE-58 entered at 2024-11-26 14:36:52
FAKE-59 entered at 2024-11-26 14:36:52
FAKE-60 entered at 2024-11-26 14:36:52
FAKE-61 entered at 2024-11-26 14:36:52
FAKE-62 entered at 2024-11-26 14:36:52
FAKE-63 entered at 2024-11-26 14:36:52
FAKE-64 entered at 2024-11-26 14:36:52
FAKE-65 entered at 2024-11-26 14:36:52
FAKE-66 entered at 2024-11-26 14:36:52
FAKE-67 entered at 2024-11-26 14:36:52
FAKE-68 entered at 2024-11-26 14:36:52
FAKE-69 entered at 2024-11-26 14:36:52
FAKE-70 entered at 2024-11-26 14:36:52
FAKE-71 entered at 2024-11-26 14:36:52
FAKE-72 entered at 2024-11-26 14:36:52
FAKE-73 entered at 2024-11-26 14:36:52
FAKE-74 entered at 2024-11-26 14:36:52
FAKE-75 entered at 2024-11-26 14:36:52
FAKE-76 entered at 2024-11-26 14:36:52
FAKE-77 entered at 2024-11-26 14:36:52
FAKE-78 entered at 2024-11-26 14:36:52
FAKE-79 entered at 2024-11-26 14:36:52
FAKE-80 entered at 2024-11-26 14:36:52
FAKE-81 entered at 2024-11-26 14:36:52
FAKE-82 entered at 2024-11-26 14:36:52
FAKE-83 entered at 2024-11-26 14:36:52
FAKE-84 entered at 2024-11-26 14:36:52
FAKE-85 entered at 2024-11-26 14:36:52
FAKE-86 entered at 2024-11-26 14:36:52
FAKE-87 entered at 2024-11-26 14:36:52
FAKE-88 entered at 2024-11-26 14:36:52
FAKE-89 entered at 2024-11-26 14:36:52
FAKE-90 entered at 2024-11-26 14:36:52
FAKE-91 entered at 2024-11-26 14:36:52
FAKE-92 entered at 2024-11-26 14:36:52
FAKE-93 entered at 2024-11-26 14:36:52
FAKE-94 entered at 2024-11-26 14:36:52
FAKE-95 entered at 2024-11-26 14:36:52
FAKE-96 entered at 2024-11-26 14:36:52
FAKE-97 entered at 2024-11-26 14:36:52
FAKE-98 entered at 2024-11-26 14:36:52
FAKE-99 entered at 2024-11-26 14:36:52
FAKE-100 entered at 2024-11-26 14:36:52
FAKE-100 exited at 2024-11-26 14:36:52
FAKE-001 entered at 2024-11-26 14:36:52
FAKE-001 exited at 2024-11-26 14:36:52
FAKE-001 entered at 2024-11-26 14:50:21
NEW-001 entered at 2024-11-26 14:50:21
FAKE-0 entered at 2024-11-26 14:50:21
FAKE-1 entered at 2024-11-26 14:50:21
FAKE-2 entered at 2024-11-26 14:50:21
FAKE-3 entered at 2024-11-26 14:50:21
FAKE-4 entered at 2024-11-26 14:50:21
FAKE-5 entered at 2024-11-26 14:50:21
FAKE-6 entered at 2024-11-26 14:50:21
FAKE-7 entered at 2024-11-26 14:50:21
FAKE-8 entered at 2024-11-26 14:50:21
FAKE-9 entered at 2024-11-26 14:50:21
FAKE-10 entered at 2024-11-26 14:50:21
FAKE-11 entered at 2024-11-26 14:50:21
FAKE-12 entered at 2024-11-26 14:50:21
FAKE-13 entered at 2024-11-26 14:50:21
FAKE-14 entered at 2024-11-26 14:50:21
FAKE-15 entered at 2024-11-26 14:50:21
FAKE-16 entered at 2024-11-26 14:50:21
FAKE-17 entered at 2024-11-26 14:50:21
FAKE-18 entered at 2024-11-26 14:50:21
FAKE-19 entered at 2024-11-26 14:50:21
FAKE-20 entered at 2024-11-26 14:50:21
FAKE-21 entered at 2024-11-26 14:50:21
FAKE-22 entered at 2024-11-26 14:50:21
FAKE-23 entered at 2024-11-26 14:50:21
FAKE-24 entered at 2024-11-26 14:50:21
FAKE-25 entered at 2024-11-26 14:50:21
FAKE-26 entered at 2024-11-26 14:50:21
FAKE-27 entered at 2024-11-26 14:50:21
FAKE-28 entered at 2024-11-26 14:50:21
FAKE-29 entered at 2024-11-26 14:50:21
FAKE-30 entered at 2024-11-26 14:50:21
FAKE-31 entered at 2024-11-26 14:50:21
FAKE-32 entered at 2024-11-26 14:50:21
FAKE-33 entered at 2024-11-26 14:50:21
FAKE-34 entered at 2024-11-26 14:50:21
FAKE-35 entered at 2024-11-26 14:50:21
FAKE-36 entered at 2024-11-26 14:50:21
FAKE-37 entered at 2024-11-26 14:50:21
FAKE-38 entered at 2024-11-26 14:50:21
FAKE-39 entered at 2024-11-26 14:50:21
FAKE-40 entered at 2024-11-26 14:50:21
FAKE-41 entered at 2024-11-26 14:50:21
FAKE-42 entered at 2024-11-26 14:50:21
FAKE-43 entered at 2024-11-26 14:50:21
FAKE-44 entered at 2024-11-26 14:50:21
FAKE-45 entered at 2024-11-26 14:50:21
FAKE-46 entered at 2024-11-26 14:50:21
FAKE-47 entered at 2024-11-26 14:50:21
FAKE-48 entered at 2024-11-26 14:50:21
FAKE-49 entered at 2024-11-26 14:50:21
FAKE-50 entered at 2024-11-26 14:50:21
FAKE-51 entered at 2024-11-26 14:50:21
FAKE-52 entered at 2024-11-26 14:50:21
FAKE-53 entered at 2024-11-26 14:50:21
FAKE-54 entered at 2024-11-26 14:50:21
FAKE-55 entered at 2024-11-26 14:50:21
FAKE-56 entered at 2024-11-26 14:50:21
FAKE-57 entered at 2024-11-26 14:50:21
FAKE-58 entered at 2024-11-26 14:50:21
FAKE-59 entered at 2024-11-26 14:50:21
FAKE-60 entered at 2024-11-26 14:50:21
FAKE-61 entered at 2024-11-26 14:50:21
FAKE-62 entered at 2024-11-26 14:50:21
FAKE-63 entered at 2024-11-26 14:50:21
FAKE-64 entered at 2024-11-26 14:50:21
FAKE-65 entered at 2024-11-26 14:50:21
FAKE-66 entered at 2024-11-26 14:50:21
FAKE-67 entered at 2024-11-26 14:50:21
FAKE-68 entered at 2024-11-26 14:50:21
FAKE-69 entered at 2024-11-26 14:50:21
FAKE-70 entered at 2024-11-26 14:50:21
FAKE-71 entered at 2024-11-26 14:50:21
FAKE-72 entered at 2024-11-26 14:50:21
FAKE-73 entered at 2024-11-26 14:50:21
FAKE-74 entered at 2024-11-26 14:50:21
FAKE-75 entered at 2024-11-26 14:50:21
FAKE-76 entered at 2024-11-26 14:50:21
FAKE-77 entered at 2024-11-26 14:50:21
FAKE-78 entered at 2024-11-26 14:50:21
FAKE-79 entered at 2024-11-26 14:50:21
FAKE-80 entered at 2024-11-26 14:50:21
FAKE-81 entered at 2024-11-26 14:50:21
FAKE-82 entered at 2024-11-26 14:50:21
FAKE-83 entered at 2024-11-26 14:50:21
FAKE-84 entered at 2024-11-26 14:50:21
FAKE-85 entered at 2024-11-26 14:50:21
FAKE-86 entered at 2024-11-26 14:50:21
FAKE-87 entered at 2024-11-26 14:50:21
FAKE-88 entered at 2024-11-26 14:50:21
FAKE-89 entered at 2024-11-26 14:50:21
FAKE-90 entered at 2024-11-26 14:50:21
FAKE-91 entered at 2024-11-26 14:50:21
FAKE-92 entered at 2024-11-26 14:50:21
FAKE-93 entered at 2024-11-26 14:50:21
FAKE-94 entered at 2024-11-26 14:50:21
FAKE-95 entered at 2024-11-26 14:50:21
FAKE-96 entered at 2024-11-26 14:50:21
FAKE-97 entered at 2024-11-26 14:50:21
FAKE-98 entered at 2024-11-26 14:50:21
FAKE-99 entered at 2024-11-26 14:50:21
FAKE-100 entered at 2024-11-26 14:50:21
FAKE-100 exited at 2024-11-26 14:50:21
FAKE-001 entered at 2024-11-26 14:50:21
FAKE-001 exited at 2024-11-26 14:50:21
FAKE-001 entered at 2024-11-26 14:51:15
NEW-001 entered at 2024-11-26 14:51:15
NEW-002 entered at 2024-11-26 14:51:15
NEW-002 exited at 2024-11-26 14:51:15
FAKE-0 entered at 2024-11-26 14:51:15
FAKE-1 entered at 2024-11-26 14:51:16
FAKE-2 entered at 2024-11-26 14:51:16
FAKE-3 entered at 2024-11-26 14:51:16
FAKE-4 entered at 2024-11-26 14:51:16
FAKE-5 entered at 2024-11-26 14:51:16
FAKE-6 entered at 2024-11-26 14:51:16
FAKE-7 entered at 2024-11-26 14:51:16
FAKE-8 entered at 2024-11-26 14:51:16
FAKE-9 entered at 2024-11-26 14:51:16
FAKE-10 entered at 2024-11-26 14:51:16
FAKE-11 entered at 2024-11-26 14:51:16
FAKE-12 entered at 2024-11-26 14:51:16
FAKE-13 entered at 2024-11-26 14:51:16
FAKE-14 entered at 2024-11-26 14:51:16
FAKE-15 entered at 2024-11-26 14:51:16
FAKE-16 entered at 2024-11-26 14:51:16
FAKE-17 entered at 2024-11-26 14:51:16
FAKE-18 entered at 2024-11-26 14:51:16
FAKE-19 entered at 2024-11-26 14:51:16
FAKE-20 entered at 2024-11-26 14:51:16
FAKE-21 entered at 2024-11-26 14:51:16
FAKE-22 entered at 2024-11-26 14:51:16
FAKE-23 entered at 2024-11-26 14:51:16
FAKE-24 entered at 2024-11-26 14:51:16
FAKE-25 entered at 2024-11-26 14:51:16
FAKE-26 entered at 2024-11-26 14:51:16
FAKE-27 entered at 2024-11-26 14:51:16
FAKE-28 entered at 2024-11-26 14:51:16
FAKE-29 entered at 2024-11-26 14:51:16
FAKE-30 entered at 2024-11-26 14:51:16
FAKE-31 entered at 2024-11-26 14:51:16
FAKE-32 entered at 2024-11-26 14:51:16
FAKE-33 entered at 2024-11-26 14:51:16
FAKE-34 entered at 2024-11-26 14:51:16
FAKE-35 entered at 2024-11-26 14:51:16
FAKE-36 entered at 2024-11-26 14:51:16
FAKE-37 entered at 2024-11-26 14:51:16
FAKE-38 entered at 2024-11-26 14:51:16
FAKE-39 entered at 2024-11-26 14:51:16
FAKE-40 entered at 2024-11-26 14:51:16
FAKE-41 entered at 2024-11-26 14:51:16
FAKE-42 entered at 2024-11-26 14:51:16
FAKE-43 entered at 2024-11-26 14:51:16
FAKE-44 entered at 2024-11-26 14:51:16
FAKE-45 entered at 2024-11-26 14:51:16
FAKE-46 entered at 2024-11-26 14:51:16
FAKE-47 entered at 2024-11-26 14:51:16
FAKE-48 entered at 2024-11-26 14:51:16
FAKE-49 entered at 2024-11-26 14:51:16
FAKE-50 entered at 2024-11-26 14:51:16
FAKE-51 entered at 2024-11-26 14:51:16
FAKE-52 entered at 2024-11-26 14:51:16
FAKE-53 entered at 2024-11-26 14:51:16
FAKE-54 entered at 2024-11-26 14:51:16
FAKE-55 entered at 2024-11-26 14:51:16
FAKE-56 entered at 2024-11-26 14:51:16
FAKE-57 entered at 2024-11-26 14:51:16
FAKE-58 entered at 2024-11-26 14:51:16
FAKE-59 entered at 2024-11-26 14:51:16
FAKE-60 entered at 2024-11-26 14:51:16
FAKE-61 entered at 2024-11-26 14:51:16
FAKE-62 entered at 2024-11-26 14:51:16
FAKE-63 entered at 2024-11-26 14:51:16
FAKE-64 entered at 2024-11-26 14:51:16
FAKE-65 entered at 2024-11-26 14:51:16
FAKE-66 entered at 2024-11-26 14:51:16
FAKE-67 entered at 2024-11-26 14:51:16
FAKE-68 entered at 2024-11-26 14:51:16
FAKE-69 entered at 2024-11-26 14:51:16
FAKE-70 entered at 2024-11-26 14:51:16
FAKE-71 entered at 2024-11-26 14:51:16
FAKE-72 entered at 2024-11-26 14:51:16
FAKE-73 entered at 2024-11-26 14:51:16
FAKE-74 entered at 2024-11-26 14:51:16
FAKE-75 entered at 2024-11-26 14:51:16
FAKE-76 entered at 2024-11-26 14:51:16
FAKE-77 entered at 2024-11-26 14:51:16
FAKE-78 entered at 2024-11-26 14:51:16
FAKE-79 entered at 2024-11-26 14:51:16
FAKE-80 entered at 2024-11-26 14:51:16
FAKE-81 entered at 2024-11-26 14:51:16
FAKE-82 entered at 2024-11-26 14:51:16
FAKE-83 entered at 2024-11-26 14:51:16
FAKE-84 entered at 2024-11-26 14:51:16
FAKE-85 entered at 2024-11-26 14:51:16
FAKE-86 entered at 2024-11-26 14:51:16
FAKE-87 entered at 2024-11-26 14:51:16
FAKE-88 entered at 2024-11-26 14:51:16
FAKE-89 entered at 2024-11-26 14:51:16
FAKE-90 entered at 2024-11-26 14:51:16
FAKE-91 entered at 2024-11-26 14:51:16
FAKE-92 entered at 2024-11-26 14:51:16
FAKE-93 entered at 2024-11-26 14:51:16
FAKE-94 entered at 2024-11-26 14:51:16
FAKE-95 entered at 2024-11-26 14:51:16
FAKE-96 entered at 2024-11-26 14:51:16
FAKE-97 entered at 2024-11-26 14:51:16
FAKE-98 entered at 2024-11-26 14:51:16
FAKE-99 entered at 2024-11-26 14:51:16
FAKE-100 entered at 2024-11-26 14:51:16
FAKE-100 exited at 2024-11-26 14:51:16
FAKE-001 entered at 2024-11-26 14:51:16
FAKE-001 exited at 2024-11-26 14:51:16
FAKE-001 entered at 2024-11-26 14:52:07
NEW-001 entered at 2024-11-26 14:52:07
NEW-002 entered at 2024-11-26 14:52:07
NEW-002 exited at 2024-11-26 14:52:07
FAKE-0 entered at 2024-11-26 14:52:07
FAKE-1 entered at 2024-11-26 14:52:07
FAKE-2 entered at 2024-11-26 14:52:07
FAKE-3 entered at 2024-11-26 14:52:07
FAKE-4 entered at 2024-11-26 14:52:07
FAKE-5 entered at 2024-11-26 14:52:07
FAKE-6 entered at 2024-11-26 14:52:07
FAKE-7 entered at 2024-11-26 14:52:07
FAKE-8 entered at 2024-11-26 14:52:07
FAKE-9 entered at 2024-11-26 14:52:07
FAKE-10 entered at 2024-11-26 14:52:07
FAKE-11 entered at 2024-11-26 14:52:07
FAKE-12 entered at 2024-11-26 14:52:07
FAKE-13 entered at 2024-11-26 14:52:07
FAKE-14 entered at 2024-11-26 14:52:07
FAKE-15 entered at 2024-11-26 14:52:07
FAKE-16 entered at 2024-11-26 14:52:07
FAKE-17 entered at 2024-11-26 14:52:07
FAKE-18 entered at 2024-11-26 14:52:07
FAKE-19 entered at 2024-11-26 14:52:07
FAKE-20 entered at 2024-11-26 14:52:07
FAKE-21 entered at 2024-11-26 14:52:07
FAKE-22 entered at 2024-11-26 14:52:07
FAKE-23 entered at 2024-11-26 14:52:07
FAKE-24 entered at 2024-11-26 14:52:07
FAKE-25 entered at 2024-11-26 14:52:07
FAKE-26 entered at 2024-11-26 14:52:07
FAKE-27 entered at 2024-11-26 14:52:07
FAKE-28 entered at 2024-11-26 14:52:07
FAKE-29 entered at 2024-11-26 14:52:07
FAKE-30 entered at 2024-11-26 14:52:07
FAKE-31 entered at 2024-11-26 14:52:07
FAKE-32 entered at 2024-11-26 14:52:07
FAKE-33 entered at 2024-11-26 14:52:07
FAKE-34 entered at 2024-11-26 14:52:07
FAKE-35 entered at 2024-11-26 14:52:07
FAKE-36 entered at 2024-11-26 14:52:07
FAKE-37 entered at 2024-11-26 14:52:07
FAKE-38 entered at 2024-11-26 14:52:07
FAKE-39 entered at 2024-11-26 14:52:07
FAKE-40 entered at 2024-11-26 14:52:07
FAKE-41 entered at 2024-11-26 14:52:07
FAKE-42 entered at 2024-11-26 14:52:07
FAKE-43 entered at 2024-11-26 14:52:07
FAKE-44 entered at 2024-11-26 14:52:07
FAKE-45 entered at 2024-11-26 14:52:07
FAKE-46 entered at 2024-11-26 14:52:07
FAKE-47 entered at 2024-11-26 14:52:07
FAKE-48 entered at 2024-11-26 14:52:07
FAKE-49 entered at 2024-11-26 14:52:07
FAKE-50 entered at 2024-11-26 14:52:07
FAKE-51 entered at 2024-11-26 14:52:07
FAKE-52 entered at 2024-11-26 14:52:07
FAKE-53 entered at 2024-11-26 14:52:07
FAKE-54 entered at 2024-11-26 14:52:07
FAKE-55 entered at 2024-11-26 14:52:07
FAKE-56 entered at 2024-11-26 14:52:07
FAKE-57 entered at 2024-11-26 14:52:07
FAKE-58 entered at 2024-11-26 14:52:07
FAKE-59 entered at 2024-11-26 14:52:07
FAKE-60 entered at 2024-11-26 14:52:07
FAKE-61 entered at 2024-11-26 14:52:07
FAKE-62 entered at 2024-11-26 14:52:07
FAKE-63 entered at 2024-11-26 14:52:07
FAKE-64 entered at 2024-11-26 14:52:07
FAKE-65 entered at 2024-11-26 14:52:07
FAKE-66 entered at 2024-11-26 14:52:07
FAKE-67 entered at 2024-11-26 14:52:07
FAKE-68 entered at 2024-11-26 14:52:07
FAKE-69 entered at 2024-11-26 14:52:07
FAKE-70 entered at 2024-11-26 14:52:07
FAKE-71 entered at 2024-11-26 14:52:07
FAKE-72 entered at 2024-11-26 14:52:07
FAKE-73 entered at 2024-11-26 14:52:07
FAKE-74 entered at 2024-11-26 14:52:07
FAKE-75 entered at 2024-11-26 14:52:07
FAKE-76 entered at 2024-11-26 14:52:07
FAKE-77 entered at 2024-11-26 14:52:07
FAKE-78 entered at 2024-11-26 14:52:07
FAKE-79 entered at 2024-11-26 14:52:07
FAKE-80 entered at 2024-11-26 14:52:07
FAKE-81 entered at 2024-11-26 14:52:07
FAKE-82 entered at 2024-11-26 14:52:07
FAKE-83 entered at 2024-11-26 14:52:07
FAKE-84 entered at 2024-11-26 14:52:07
FAKE-85 entered at 2024-11-26 14:52:07
FAKE-86 entered at 2024-11-26 14:52:07
FAKE-87 entered at 2024-11-26 14:52:07
FAKE-88 entered at 2024-11-26 14:52:07
FAKE-89 entered at 2024-11-26 14:52:07
FAKE-90 entered at 2024-11-26 14:52:07
FAKE-91 entered at 2024-11-26 14:52:07
FAKE-92 entered at 2024-11-26 14:52:07
FAKE-93 entered at 2024-11-26 14:52:07
FAKE-94 entered at 2024-11-26 14:52:07
FAKE-95 entered at 2024-11-26 14:52:07
FAKE-96 entered at 2024-11-26 14:52:07
FAKE-97 entered at 2024-11-26 14:52:07
FAKE-98 entered at 2024-11-26 14:52:07
FAKE-99 entered at 2024-11-26 14:52:07
FAKE-100 entered at 2024-11-26 14:52:07
FAKE-100 exited at 2024-11-26 14:52:07
FAKE-001 entered at 2024-11-26 14:52:07
FAKE-001 exited at 2024-11-26 14:52:07
FAKE-001 entered at 2024-11-26 14:52:22
NEW-001 entered at 2024-11-26 14:52:22
NEW-002 entered at 2024-11-26 14:52:22
NEW-002 exited at 2024-11-26 14:52:22
FAKE-0 entered at 2024-11-26 14:52:22
FAKE-1 entered at 2024-11-26 14:52:22
FAKE-2 entered at 2024-11-26 14:52:22
FAKE-3 entered at 2024-11-26 14:52:22
FAKE-4 entered at 2024-11-26 14:52:22
FAKE-5 entered at 2024-11-26 14:52:22
FAKE-6 entered at 2024-11-26 14:52:22
FAKE-7 entered at 2024-11-26 14:52:22
FAKE-8 entered at 2024-11-26 14:52:22
FAKE-9 entered at 2024-11-26 14:52:22
FAKE-10 entered at 2024-11-26 14:52:22
FAKE-11 entered at 2024-11-26 14:52:22
FAKE-12 entered at 2024-11-26 14:52:22
FAKE-13 entered at 2024-11-26 14:52:22
FAKE-14 entered at 2024-11-26 14:52:22
FAKE-15 entered at 2024-11-26 14:52:22
FAKE-16 entered at 2024-11-26 14:52:22
FAKE-17 entered at 2024-11-26 14:52:22
FAKE-18 entered at 2024-11-26 14:52:22
FAKE-19 entered at 2024-11-26 14:52:22
FAKE-20 entered at 2024-11-26 14:52:22
FAKE-21 entered at 2024-11-26 14:52:22
FAKE-22 entered at 2024-11-26 14:52:22
FAKE-23 entered at 2024-11-26 14:52:22
FAKE-24 entered at 2024-11-26 14:52:22
FAKE-25 entered at 2024-11-26 14:52:22
FAKE-26 entered at 2024-11-26 14:52:22
FAKE-27 entered at 2024-11-26 14:52:22
FAKE-28 entered at 2024-11-26 14:52:22
FAKE-29 entered at 2024-11-26 14:52:22
FAKE-30 entered at 2024-11-26 14:52:22
FAKE-31 entered at 2024-11-26 14:52:22
FAKE-32 entered at 2024-11-26 14:52:22
FAKE-33 entered at 2024-11-26 14:52:22
FAKE-34 entered at 2024-11-26 14:52:22
FAKE-35 entered at 2024-11-26 14:52:22
FAKE-36 entered at 2024-11-26 14:52:22
FAKE-37 entered at 2024-11-26 14:52:22
FAKE-38 entered at 2024-11-26 14:52:22
FAKE-39 entered at 2024-11-26 14:52:22
FAKE-40 entered at 2024-11-26 14:52:22
FAKE-41 entered at 2024-11-26 14:52:22
FAKE-42 entered at 2024-11-26 14:52:22
FAKE-43 entered at 2024-11-26 14:52:22
FAKE-44 entered at 2024-11-26 14:52:22
FAKE-45 entered at 2024-11-26 14:52:22
FAKE-46 entered at 2024-11-26 14:52:22
FAKE-47 entered at 2024-11-26 14:52:22
FAKE-48 entered at 2024-11-26 14:52:22
FAKE-49 entered at 2024-11-26 14:52:22
FAKE-50 entered at 2024-11-26 14:52:22
FAKE-51 entered at 2024-11-26 14:52:22
FAKE-52 entered at 2024-11-26 14:52:22
FAKE-53 entered at 2024-11-26 14:52:22
FAKE-54 entered at 2024-11-26 14:52:22
FAKE-55 entered at 2024-11-26 14:52:22
FAKE-56 entered at 2024-11-26 14:52:22
FAKE-57 entered at 2024-11-26 14:52:22
FAKE-58 entered at 2024-11-26 14:52:22
FAKE-59 entered at 2024-11-26 14:52:22
FAKE-60 entered at 2024-11-26 14:52:22
FAKE-61 entered at 2024-11-26 14:52:22
FAKE-62 entered at 2024-11-26 14:52:22
FAKE-63 entered at 2024-11-26 14:52:22
FAKE-64 entered at 2024-11-26 14:52:22
FAKE-65 entered at 2024-11-26 14:52:22
FAKE-66 entered at 2024-11-26 14:52:22
FAKE-67 entered at 2024-11-26 14:52:22
FAKE-68 entered at 2024-11-26 14:52:22
FAKE-69 entered at 2024-11-26 14:52:22
FAKE-70 entered at 2024-11-26 14:52:22
FAKE-71 entered at 2024-11-26 14:52:22
FAKE-72 entered at 2024-11-26 14:52:22
FAKE-73 entered at 2024-11-26 14:52:22
FAKE-74 entered at 2024-11-26 14:52:22
FAKE-75 entered at 2024-11-26 14:52:22
FAKE-76 entered at 2024-11-26 14:52:22
FAKE-77 entered at 2024-11-26 14:52:22
FAKE-78 entered at 2024-11-26 14:52:22
FAKE-79 entered at 2024-11-26 14:52:22
FAKE-80 entered at 2024-11-26 14:52:22
FAKE-81 entered at 2024-11-26 14:52:22
FAKE-82 entered at 2024-11-26 14:52:22
FAKE-83 entered at 2024-11-26 14:52:22
FAKE-84 entered at 2024-11-26 14:52:22
FAKE-85 entered at 2024-11-26 14:52:22
FAKE-86 entered at 2024-11-26 14:52:22
FAKE-87 entered at 2024-11-26 14:52:22
FAKE-88 entered at 2024-11-26 14:52:22
FAKE-89 entered at 2024-11-26 14:52:22
FAKE-90 entered at 2024-11-26 14:52:22
FAKE-91 entered at 2024-11-26 14:52:22
FAKE-92 entered at 2024-11-26 14:52:22
FAKE-93 entered at 2024-11-26 14:52:22
FAKE-94 entered at 2024-11-26 14:52:22
FAKE-95 entered at 2024-11-26 14:52:22
FAKE-96 entered at 2024-11-26 14:52:22
FAKE-97 entered at 2024-11-26 14:52:22
FAKE-98 entered at 2024-11-26 14:52:22
FAKE-99 entered at 2024-11-26 14:52:22
FAKE-100 entered at 2024-11-26 14:52:22
FAKE-100 exited at 2024-11-26 14:52:22
FAKE-001 entered at 2024-11-26 14:52:22
FAKE-001 exited at 2024-11-26 14:52:22
FAKE-001 entered at 2024-11-26 14:53:13
NEW-001 entered at 2024-11-26 14:53:13
NEW-002 entered at 2024-11-26 14:53:13
NEW-002 exited at 2024-11-26 14:53:13
FAKE-0 entered at 2024-11-26 14:53:13
FAKE-1 entered at 2024-11-26 14:53:13
FAKE-2 entered at 2024-11-26 14:53:13
FAKE-3 entered at 2024-11-26 14:53:13
FAKE-4 entered at 2024-11-26 14:53:13
FAKE-5 entered at 2024-11-26 14:53:13
FAKE-6 entered at 2024-11-26 14:53:13
FAKE-7 entered at 2024-11-26 14:53:13
FAKE-8 entered at 2024-11-26 14:53:13
FAKE-9 entered at 2024-11-26 14:53:13
FAKE-10 entered at 2024-11-26 14:53:13
FAKE-11 entered at 2024-11-26 14:53:13
FAKE-12 entered at 2024-11-26 14:53:13
FAKE-13 entered at 2024-11-26 14:53:13
FAKE-14 entered at 2024-11-26 14:53:13
FAKE-15 entered at 2024-11-26 14:53:13
FAKE-16 entered at 2024-11-26 14:53:13
FAKE-17 entered at 2024-11-26 14:53:13
FAKE-18 entered at 2024-11-26 14:53:13
FAKE-19 entered at 2024-11-26 14:53:13
FAKE-20 entered at 2024-11-26 14:53:13
FAKE-21 entered at 2024-11-26 14:53:13
FAKE-22 entered at 2024-11-26 14:53:13
FAKE-23 entered at 2024-11-26 14:53:13
FAKE-24 entered at 2024-11-26 14:53:13
FAKE-25 entered at 2024-11-26 14:53:13
FAKE-26 entered at 2024-11-26 14:53:13
FAKE-27 entered at 2024-11-26 14:53:13
FAKE-28 entered at 2024-11-26 14:53:13
FAKE-29 entered at 2024-11-26 14:53:13
FAKE-30 entered at 2024-11-26 14:53:13
FAKE-31 entered at 2024-11-26 14:53:13
FAKE-32 entered at 2024-11-26 14:53:13
FAKE-33 entered at 2024-11-26 14:53:13
FAKE-34 entered at 2024-11-26 14:53:13
FAKE-35 entered at 2024-11-26 14:53:13
FAKE-36 entered at 2024-11-26 14:53:13
FAKE-37 entered at 2024-11-26 14:53:13
FAKE-38 entered at 2024-11-26 14:53:13
FAKE-39 entered at 2024-11-26 14:53:13
FAKE-40 entered at 2024-11-26 14:53:13
FAKE-41 entered at 2024-11-26 14:53:13
FAKE-42 entered at 2024-11-26 14:53:13
FAKE-43 entered at 2024-11-26 14:53:13
FAKE-44 entered at 2024-11-26 14:53:13
FAKE-45 entered at 2024-11-26 14:53:13
FAKE-46 entered at 2024-11-26 14:53:13
FAKE-47 entered at 2024-11-26 14:53:13
FAKE-48 entered at 2024-11-26 14:53:13
FAKE-49 entered at 2024-11-26 14:53:13
FAKE-50 entered at 2024-11-26 14:53:13
FAKE-51 entered at 2024-11-26 14:53:13
FAKE-52 entered at 2024-11-26 14:53:13
FAKE-53 entered at 2024-11-26 14:53:13
FAKE-54 entered at 2024-11-26 14:53:13
FAKE-55 entered at 2024-11-26 14:53:13
FAKE-56 entered at 2024-11-26 14:53:13
FAKE-57 entered at 2024-11-26 14:53:13
FAKE-58 entered at 2024-11-26 14:53:13
FAKE-59 entered at 2024-11-26 14:53:13
FAKE-60 entered at 2024-11-26 14:53:13
FAKE-61 entered at 2024-11-26 14:53:13
FAKE-62 entered at 2024-11-26 14:53:13
FAKE-63 entered at 2024-11-26 14:53:13
FAKE-64 entered at 2024-11-26 14:53:13
FAKE-65 entered at 2024-11-26 14:53:13
FAKE-66 entered at 2024-11-26 14:53:13
FAKE-67 entered at 2024-11-26 14:53:13
FAKE-68 entered at 2024-11-26 14:53:13
FAKE-69 entered at 2024-11-26 14:53:13
FAKE-70 entered at 2024-11-26 14:53:13
FAKE-71 entered at 2024-11-26 14:53:13
FAKE-72 entered at 2024-11-26 14:53:13
FAKE-73 entered at 2024-11-26 14:53:13
FAKE-74 entered at 2024-11-26 14:53:13
FAKE-75 entered at 2024-11-26 14:53:13
FAKE-76 entered at 2024-11-26 14:53:13
FAKE-77 entered at 2024-11-26 14:53:13
FAKE-78 entered at 2024-11-26 14:53:13
FAKE-79 entered at 2024-11-26 14:53:13
FAKE-80 entered at 2024-11-26 14:53:13
FAKE-81 entered at 2024-11-26 14:53:13
FAKE-82 entered at 2024-11-26 14:53:13
FAKE-83 entered at 2024-11-26 14:53:13
FAKE-84 entered at 2024-11-26 14:53:13
FAKE-85 entered at 2024-11-26 14:53:13
FAKE-86 entered at 2024-11-26 14:53:13
FAKE-87 entered at 2024-11-26 14:53:13
FAKE-88 entered at 2024-11-26 14:53:13
FAKE-89 entered at 2024-11-26 14:53:13
FAKE-90 entered at 2024-11-26 14:53:13
FAKE-91 entered at 2024-11-26 14:53:13
FAKE-92 entered at 2024-11-26 14:53:13
FAKE-93 entered at 2024-11-26 14:53:13
FAKE-94 entered at 2024-11-26 14:53:13
FAKE-95 entered at 2024-11-26 14:53:13
FAKE-96 entered at 2024-11-26 14:53:13
FAKE-97 entered at 2024-11-26 14:53:13
FAKE-98 entered at 2024-11-26 14:53:13
FAKE-99 entered at 2024-11-26 14:53:13
FAKE-100 entered at 2024-11-26 14:53:13
FAKE-100 exited at 2024-11-26 14:53:13
FAKE-001 entered at 2024-11-26 14:53:13
FAKE-001 exited at 2024-11-26 14:53:13
FAKE-001 entered at 2024-11-26 14:53:29
NEW-001 entered at 2024-11-26 14:53:29
NEW-002 entered at 2024-11-26 14:53:29
NEW-002 exited at 2024-11-26 14:53:29
FAKE-0 entered at 2024-11-26 14:53:29
FAKE-1 entered at 2024-11-26 14:53:29
FAKE-2 entered at 2024-11-26 14:53:29
FAKE-3 entered at 2024-11-26 14:53:29
FAKE-4 entered at 2024-11-26 14:53:29
FAKE-5 entered at 2024-11-26 14:53:29
FAKE-6 entered at 2024-11-26 14:53:29
FAKE-7 entered at 2024-11-26 14:53:29
FAKE-8 entered at 2024-11-26 14:53:29
FAKE-9 entered at 2024-11-26 14:53:29
FAKE-10 entered at 2024-11-26 14:53:29
FAKE-11 entered at 2024-11-26 14:53:29
FAKE-12 entered at 2024-11-26 14:53:29
FAKE-13 entered at 2024-11-26 14:53:29
FAKE-14 entered at 2024-11-26 14:53:29
FAKE-15 entered at 2024-11-26 14:53:29
FAKE-16 entered at 2024-11-26 14:53:29
FAKE-17 entered at 2024-11-26 14:53:29
FAKE-18 entered at 2024-11-26 14:53:29
FAKE-19 entered at 2024-11-26 14:53:29
FAKE-20 entered at 2024-11-26 14:53:29
FAKE-21 entered at 2024-11-26 14:53:29
FAKE-22 entered at 2024-11-26 14:53:29
FAKE-23 entered at 2024-11-26 14:53:29
FAKE-24 entered at 2024-11-26 14:53:29
FAKE-25 entered at 2024-11-26 14:53:29
FAKE-26 entered at 2024-11-26 14:53:29
FAKE-27 entered at 2024-11-26 14:53:29
FAKE-28 entered at 2024-11-26 14:53:29
FAKE-29 entered at 2024-11-26 14:53:29
FAKE-30 entered at 2024-11-26 14:53:29
FAKE-31 entered at 2024-11-26 14:53:29
FAKE-32 entered at 2024-11-26 14:53:29
FAKE-33 entered at 2024-11-26 14:53:29
FAKE-34 entered at 2024-11-26 14:53:29
FAKE-35 entered at 2024-11-26 14:53:29
FAKE-36 entered at 2024-11-26 14:53:29
FAKE-37 entered at 2024-11-26 14:53:29
FAKE-38 entered at 2024-11-26 14:53:29
FAKE-39 entered at 2024-11-26 14:53:29
FAKE-40 entered at 2024-11-26 14:53:29
FAKE-41 entered at 2024-11-26 14:53:29
FAKE-42 entered at 2024-11-26 14:53:29
FAKE-43 entered at 2024-11-26 14:53:29
FAKE-44 entered at 2024-11-26 14:53:29
FAKE-45 entered at 2024-11-26 14:53:29
FAKE-46 entered at 2024-11-26 14:53:29
FAKE-47 entered at 2024-11-26 14:53:29
FAKE-48 entered at 2024-11-26 14:53:29
FAKE-49 entered at 2024-11-26 14:53:29
FAKE-50 entered at 2024-11-26 14:53:29
FAKE-51 entered at 2024-11-26 14:53:29
FAKE-52 entered at 2024-11-26 14:53:29
FAKE-53 entered at 2024-11-26 14:53:29
FAKE-54 entered at 2024-11-26 14:53:29
FAKE-55 entered at 2024-11-26 14:53:29
FAKE-56 entered at 2024-11-26 14:53:29
FAKE-57 entered at 2024-11-26 14:53:29
FAKE-58 entered at 2024-11-26 14:53:29
FAKE-59 entered at 2024-11-26 14:53:29
FAKE-60 entered at 2024-11-26 14:53:29
FAKE-61 entered at 2024-11-26 14:53:29
FAKE-62 entered at 2024-11-26 14:53:29
FAKE-63 entered at 2024-11-26 14:53:29
FAKE-64 entered at 2024-11-26 14:53:29
FAKE-65 entered at 2024-11-26 14:53:29
FAKE-66 entered at 2024-11-26 14:53:29
FAKE-67 entered at 2024-11-26 14:53:29
FAKE-68 entered at 2024-11-26 14:53:29
FAKE-69 entered at 2024-11-26 14:53:29
FAKE-70 entered at 2024-11-26 14:53:29
FAKE-71 entered at 2024-11-26 14:53:29
FAKE-72 entered at 2024-11-26 14:53:29
FAKE-73 entered at 2024-11-26 14:53:29
FAKE-74 entered at 2024-11-26 14:53:29
FAKE-75 entered at 2024-11-26 14:53:29
FAKE-76 entered at 2024-11-26 14:53:29
FAKE-77 entered at 2024-11-26 14:53:29
FAKE-78 entered at 2024-11-26 14:53:29
FAKE-79 entered at 2024-11-26 14:53:29
FAKE-80 entered at 2024-11-26 14:53:29
FAKE-81 entered at 2024-11-26 14:53:29
FAKE-82 entered at 2024-11-26 14:53:29
FAKE-83 entered at 2024-11-26 14:53:29
FAKE-84 entered at 2024-11-26 14:53:29
FAKE-85 entered at 2024-11-26 14:53:29
FAKE-86 entered at 2024-11-26 14:53:29
FAKE-87 entered at 2024-11-26 14:53:29
FAKE-88 entered at 2024-11-26 14:53:29
FAKE-89 entered at 2024-11-26 14:53:29
FAKE-90 entered at 2024-11-26 14:53:29
FAKE-91 entered at 2024-11-26 14:53:29
FAKE-92 entered at 2024-11-26 14:53:29
FAKE-93 entered at 2024-11-26 14:53:29
FAKE-94 entered at 2024-11-26 14:53:29
FAKE-95 entered at 2024-11-26 14:53:29
FAKE-96 entered at 2024-11-26 14:53:29
FAKE-97 entered at 2024-11-26 14:53:29
FAKE-98 entered at 2024-11-26 14:53:29
FAKE-99 entered at 2024-11-26 14:53:29
FAKE-100 entered at 2024-11-26 14:53:29
FAKE-100 exited at 2024-11-26 14:53:29
FAKE-001 entered at 2024-11-26 14:53:29
FAKE-001 exited at 2024-11-26 14:53:29
FAKE-001 entered at 2024-11-26 14:54:40
NEW-001 entered at 2024-11-26 14:54:40
NEW-002 entered at 2024-11-26 14:54:40
NEW-002 exited at 2024-11-26 14:54:40
FAKE-0 entered at 2024-11-26 14:54:40
FAKE-1 entered at 2024-11-26 14:54:40
FAKE-2 entered at 2024-11-26 14:54:40
FAKE-3 entered at 2024-11-26 14:54:40
FAKE-4 entered at 2024-11-26 14:54:40
FAKE-5 entered at 2024-11-26 14:54:40
FAKE-6 entered at 2024-11-26 14:54:40
FAKE-7 entered at 2024-11-26 14:54:40
FAKE-8 entered at 2024-11-26 14:54:40
FAKE-9 entered at 2024-11-26 14:54:40
FAKE-10 entered at 2024-11-26 14:54:40
FAKE-11 entered at 2024-11-26 14:54:40
FAKE-12 entered at 2024-11-26 14:54:40
FAKE-13 entered at 2024-11-26 14:54:40
FAKE-14 entered at 2024-11-26 14:54:40
FAKE-15 entered at 2024-11-26 14:54:40
FAKE-16 entered at 2024-11-26 14:54:40
FAKE-17 entered at 2024-11-26 14:54:40
FAKE-18 entered at 2024-11-26 14:54:40
FAKE-19 entered at 2024-11-26 14:54:40
FAKE-20 entered at 2024-11-26 14:54:40
FAKE-21 entered at 2024-11-26 14:54:40
FAKE-22 entered at 2024-11-26 14:54:40
FAKE-23 entered at 2024-11-26 14:54:40
FAKE-24 entered at 2024-11-26 14:54:40
FAKE-25 entered at 2024-11-26 14:54:40
FAKE-26 entered at 2024-11-26 14:54:40
FAKE-27 entered at 2024-11-26 14:54:40
FAKE-28 entered at 2024-11-26 14:54:40
FAKE-29 entered at 2024-11-26 14:54:40
FAKE-30 entered at 2024-11-26 14:54:40
FAKE-31 entered at 2024-11-26 14:54:40
FAKE-32 entered at 2024-11-26 14:54:40
FAKE-33 entered at 2024-11-26 14:54:40
FAKE-34 entered at 2024-11-26 14:54:40
FAKE-35 entered at 2024-11-26 14:54:40
FAKE-36 entered at 2024-11-26 14:54:40
FAKE-37 entered at 2024-11-26 14:54:40
FAKE-38 entered at 2024-11-26 14:54:40
FAKE-39 entered at 2024-11-26 14:54:40
FAKE-40 entered at 2024-11-26 14:54:40
FAKE-41 entered at 2024-11-26 14:54:40
FAKE-42 entered at 2024-11-26 14:54:40
FAKE-43 entered at 2024-11-26 14:54:40
FAKE-44 entered at 2024-11-26 14:54:40
FAKE-45 entered at 2024-11-26 14:54:40
FAKE-46 entered at 2024-11-26 14:54:40
FAKE-47 entered at 2024-11-26 14:54:40
FAKE-48 entered at 2024-11-26 14:54:40
FAKE-49 entered at 2024-11-26 14:54:40
FAKE-50 entered at 2024-11-26 14:54:40
FAKE-51 entered at 2024-11-26 14:54:40
FAKE-52 entered at 2024-11-26 14:54:40
FAKE-53 entered at 2024-11-26 14:54:40
FAKE-54 entered at 2024-11-26 14:54:40
FAKE-55 entered at 2024-11-26 14:54:40
FAKE-56 entered at 2024-11-26 14:54:40
FAKE-57 entered at 2024-11-26 14:54:40
FAKE-58 entered at 2024-11-26 14:54:40
FAKE-59 entered at 2024-11-26 14:54:40
FAKE-60 entered at 2024-11-26 14:54:40
FAKE-61 entered at 2024-11-26 14:54:40
FAKE-62 entered at 2024-11-26 14:54:40
FAKE-63 entered at 2024-11-26 14:54:40
FAKE-64 entered at 2024-11-26 14:54:40
FAKE-65 entered at 2024-11-26 14:54:40
FAKE-66 entered at 2024-11-26 14:54:40
FAKE-67 entered at 2024-11-26 14:54:40
FAKE-68 entered at 2024-11-26 14:54:40
FAKE-69 entered at 2024-11-26 14:54:40
FAKE-70 entered at 2024-11-26 14:54:40
FAKE-71 entered at 2024-11-26 14:54:40
FAKE-72 entered at 2024-11-26 14:54:40
FAKE-73 entered at 2024-11-26 14:54:40
FAKE-74 entered at 2024-11-26 14:54:40
FAKE-75 entered at 2024-11-26 14:54:40
FAKE-76 entered at 2024-11-26 14:54:40
FAKE-77 entered at 2024-11-26 14:54:40
FAKE-78 entered at 2024-11-26 14:54:40
FAKE-79 entered at 2024-11-26 14:54:40
FAKE-80 entered at 2024-11-26 14:54:40
FAKE-81 entered at 2024-11-26 14:54:40
FAKE-82 entered at 2024-11-26 14:54:40
FAKE-83 entered at 2024-11-26 14:54:40
FAKE-84 entered at 2024-11-26 14:54:40
FAKE-85 entered at 2024-11-26 14:54:40
FAKE-86 entered at 2024-11-26 14:54:40
FAKE-87 entered at 2024-11-26 14:54:40
FAKE-88 entered at 2024-11-26 14:54:40
FAKE-89 entered at 2024-11-26 14:54:40
FAKE-90 entered at 2024-11-26 14:54:40
FAKE-91 entered at 2024-11-26 14:54:40
FAKE-92 entered at 2024-11-26 14:54:40
FAKE-93 entered at 2024-11-26 14:54:40
FAKE-94 entered at 2024-11-26 14:54:40
FAKE-95 entered at 2024-11-26 14:54:40
FAKE-96 entered at 2024-11-26 14:54:40
FAKE-97 entered at 2024-11-26 14:54:40
FAKE-98 entered at 2024-11-26 14:54:40
FAKE-99 entered at 2024-11-26 14:54:40
FAKE-100 entered at 2024-11-26 14:54:40
FAKE-100 exited at 2024-11-26 14:54:40
FAKE-001 entered at 2024-11-26 14:54:40
FAKE-001 exited at 2024-11-26 14:54:40
FAKE-001 entered at 2024-11-26 15:24:44
NEW-001 entered at 2024-11-26 15:24:44
NEW-002 entered at 2024-11-26 15:24:44
NEW-002 exited at 2024-11-26 15:24:44
FAKE-0 entered at 2024-11-26 15:24:44
FAKE-1 entered at 2024-11-26 15:24:44
FAKE-2 entered at 2024-11-26 15:24:44
FAKE-3 entered at 2024-11-26 15:24:44
FAKE-4 entered at 2024-11-26 15:24:44
FAKE-5 entered at 2024-11-26 15:24:44
FAKE-6 entered at 2024-11-26 15:24:44
FAKE-7 entered at 2024-11-26 15:24:44
FAKE-8 entered at 2024-11-26 15:24:44
FAKE-9 entered at 2024-11-26 15:24:44
FAKE-10 entered at 2024-11-26 15:24:44
FAKE-11 entered at 2024-11-26 15:24:44
FAKE-12 entered at 2024-11-26 15:24:44
FAKE-13 entered at 2024-11-26 15:24:44
FAKE-14 entered at 2024-11-26 15:24:44
FAKE-15 entered at 2024-11-26 15:24:44
FAKE-16 entered at 2024-11-26 15:24:44
FAKE-17 entered at 2024-11-26 15:24:44
FAKE-18 entered at 2024-11-26 15:24:44
FAKE-19 entered at 2024-11-26 15:24:44
FAKE-20 entered at 2024-11-26 15:24:44
FAKE-21 entered at 2024-11-26 15:24:44
FAKE-22 entered at 2024-11-26 15:24:44
FAKE-23 entered at 2024-11-26 15:24:44
FAKE-24 entered at 2024-11-26 15:24:44
FAKE-25 entered at 2024-11-26 15:24:44
FAKE-26 entered at 2024-11-26 15:24:44
FAKE-27 entered at 2024-11-26 15:24:44
FAKE-28 entered at 2024-11-26 15:24:44
FAKE-29 entered at 2024-11-26 15:24:44
FAKE-30 entered at 2024-11-26 15:24:44
FAKE-31 entered at 2024-11-26 15:24:44
FAKE-32 entered at 2024-11-26 15:24:44
FAKE-33 entered at 2024-11-26 15:24:44
FAKE-34 entered at 2024-11-26 15:24:44
FAKE-35 entered at 2024-11-26 15:24:44
FAKE-36 entered at 2024-11-26 15:24:44
FAKE-37 entered at 2024-11-26 15:24:44
FAKE-38 entered at 2024-11-26 15:24:44
FAKE-39 entered at 2024-11-26 15:24:44
FAKE-40 entered at 2024-11-26 15:24:44
FAKE-41 entered at 2024-11-26 15:24:44
FAKE-42 entered at 2024-11-26 15:24:44
FAKE-43 entered at 2024-11-26 15:24:44
FAKE-44 entered at 2024-11-26 15:24:44
FAKE-45 entered at 2024-11-26 15:24:44
FAKE-46 entered at 2024-11-26 15:24:44
FAKE-47 entered at 2024-11-26 15:24:44
FAKE-48 entered at 2024-11-26 15:24:44
FAKE-49 entered at 2024-11-26 15:24:44
FAKE-50 entered at 2024-11-26 15:24:44
FAKE-51 entered at 2024-11-26 15:24:44
FAKE-52 entered at 2024-11-26 15:24:44
FAKE-53 entered at 2024-11-26 15:24:44
FAKE-54 entered at 2024-11-26 15:24:44
FAKE-55 entered at 2024-11-26 15:24:44
FAKE-56 entered at 2024-11-26 15:24:44
FAKE-57 entered at 2024-11-26 15:24:44
FAKE-58 entered at 2024-11-26 15:24:44
FAKE-59 entered at 2024-11-26 15:24:44
FAKE-60 entered at 2024-11-26 15:24:44
FAKE-61 entered at 2024-11-26 15:24:44
FAKE-62 entered at 2024-11-26 15:24:44
FAKE-63 entered at 2024-11-26 15:24:44
FAKE-64 entered at 2024-11-26 15:24:44
FAKE-65 entered at 2024-11-26 15:24:44
FAKE-66 entered at 2024-11-26 15:24:44
FAKE-67 entered at 2024-11-26 15:24:44
FAKE-68 entered at 2024-11-26 15:24:44
FAKE-69 entered at 2024-11-26 15:24:44
FAKE-70 entered at 2024-11-26 15:24:44
FAKE-71 entered at 2024-11-26 15:24:44
FAKE-72 entered at 2024-11-26 15:24:44
FAKE-73 entered at 2024-11-26 15:24:44
FAKE-74 entered at 2024-11-26 15:24:44
FAKE-75 entered at 2024-11-26 15:24:44
FAKE-76 entered at 2024-11-26 15:24:44
FAKE-77 entered at 2024-11-26 15:24:44
FAKE-78 entered at 2024-11-26 15:24:44
FAKE-79 entered at 2024-11-26 15:24:44
FAKE-80 entered at 2024-11-26 15:24:44
FAKE-81 entered at 2024-11-26 15:24:44
FAKE-82 entered at 2024-11-26 15:24:44
FAKE-83 entered at 2024-11-26 15:24:44
FAKE-84 entered at 2024-11-26 15:24:44
FAKE-85 entered at 2024-11-26 15:24:44
FAKE-86 entered at 2024-11-26 15:24:44
FAKE-87 entered at 2024-11-26 15:24:44
FAKE-88 entered at 2024-11-26 15:24:44
FAKE-89 entered at 2024-11-26 15:24:44
FAKE-90 entered at 2024-11-26 15:24:44
FAKE-91 entered at 2024-11-26 15:24:44
FAKE-92 entered at 2024-11-26 15:24:44
FAKE-93 entered at 2024-11-26 15:24:44
FAKE-94 entered at 2024-11-26 15:24:44
FAKE-95 entered at 2024-11-26 15:24:44
FAKE-96 entered at 2024-11-26 15:24:44
FAKE-97 entered at 2024-11-26 15:24:44
FAKE-98 entered at 2024-11-26 15:24:44
FAKE-99 entered at 2024-11-26 15:24:44
FAKE-100 entered at 2024-11-26 15:24:44
FAKE-100 exited at 2024-11-26 15:24:44
FAKE-001 entered at 2024-11-26 15:24:44
FAKE-001 exited at 2024-11-26 15:24:44
